******************************************************************************
                  TI ARM Linker PC v20.2.7                     
******************************************************************************
>> Linked Thu Aug 24 15:44:50 2023

OUTPUT FILE NAME:   <gpiointerrupt_CC2640R2_LAUNCHXL_tirtos_ccs.out>
ENTRY POINT SYMBOL: "ResetISR"  address: 00003565


MEMORY CONFIGURATION

         name            origin    length      used     unused   attr    fill
----------------------  --------  ---------  --------  --------  ----  --------
  FLASH                 00000000   00020000  00004c21  0001b3df  R  X
  SRAM                  20000000   00005000  000022f0  00002d10  RW X


SEGMENT ALLOCATION MAP

run origin  load origin   length   init length attrs members
----------  ----------- ---------- ----------- ----- -------
00000000    00000000    00004bd4   00004bd4    r-x
  00000000    00000000    0000003c   0000003c    r-- .resetVecs
  0000003c    0000003c    00000fc4   00000fc4    r-x .text.1
  00001000    00001000    00000028   00000028    r-- .const:ti_sysbios_heaps_HeapMem_Module__FXNS__C
  00001028    00001028    00000024   00000024    r-- .const:ti_sysbios_gates_GateHwi_Module__FXNS__C
  0000104c    0000104c    00000024   00000024    r-- .const:ti_sysbios_gates_GateMutex_Module__FXNS__C
  00001070    00001070    00000020   00000020    r-- .const:ti_sysbios_family_arm_m3_Hwi_Object__DESC__C
  00001090    00001090    00000020   00000020    r-- .const:ti_sysbios_gates_GateHwi_Object__DESC__C
  000010b0    000010b0    00000020   00000020    r-- .const:ti_sysbios_gates_GateMutex_Object__DESC__C
  000010d0    000010d0    00000020   00000020    r-- .const:ti_sysbios_hal_Hwi_Object__DESC__C
  000010f0    000010f0    00000020   00000020    r-- .const:ti_sysbios_heaps_HeapMem_Object__DESC__C
  00001110    00001110    00000020   00000020    r-- .const:ti_sysbios_knl_Clock_Object__DESC__C
  00001130    00001130    00000020   00000020    r-- .const:ti_sysbios_knl_Event_Object__DESC__C
  00001150    00001150    00000020   00000020    r-- .const:ti_sysbios_knl_Mailbox_Object__DESC__C
  00001170    00001170    00000020   00000020    r-- .const:ti_sysbios_knl_Queue_Object__DESC__C
  00001190    00001190    00000020   00000020    r-- .const:ti_sysbios_knl_Semaphore_Object__DESC__C
  000011b0    000011b0    00000020   00000020    r-- .const:ti_sysbios_knl_Swi_Object__DESC__C
  000011d0    000011d0    00000020   00000020    r-- .const:ti_sysbios_knl_Task_Object__DESC__C
  000011f0    000011f0    00000008   00000008    r-- .const:ti_sysbios_knl_Idle_funcList__C
  000011f8    000011f8    00000004   00000004    r-- .const:ti_sysbios_family_arm_cc26xx_Timer_startupNeeded__C
  000011fc    000011fc    00000004   00000004    r-- .const:ti_sysbios_family_arm_m3_Hwi_E_alreadyDefined__C
  00001200    00001200    00000004   00000004    r-- .const:ti_sysbios_family_arm_m3_Hwi_E_hwiLimitExceeded__C
  00001204    00001204    00000004   00000004    r-- .const:ti_sysbios_family_arm_m3_Hwi_NUM_INTERRUPTS__C
  00001208    00001208    00000004   00000004    r-- .const:ti_sysbios_family_arm_m3_Hwi_Object__count__C
  0000120c    0000120c    00000004   00000004    r-- .const:ti_sysbios_family_arm_m3_Hwi_Object__table__C
  00001210    00001210    00000004   00000004    r-- .const:ti_sysbios_family_arm_m3_Hwi_ccr__C
  00001214    00001214    00000004   00000004    r-- .const:ti_sysbios_family_arm_m3_Hwi_excHandlerFunc__C
  00001218    00001218    00000004   00000004    r-- .const:ti_sysbios_family_arm_m3_Hwi_nullIsrFunc__C
  0000121c    0000121c    00000004   00000004    r-- .const:ti_sysbios_family_arm_m3_Hwi_numSparseInterrupts__C
  00001220    00001220    00000004   00000004    r-- .const:ti_sysbios_family_arm_m3_Hwi_priGroup__C
  00001224    00001224    00000004   00000004    r-- .const:ti_sysbios_family_arm_m3_TaskSupport_stackAlignment__C
  00001228    00001228    00000004   00000004    r-- .const:ti_sysbios_heaps_HeapMem_E_memory__C
  0000122c    0000122c    00000004   00000004    r-- .const:ti_sysbios_heaps_HeapMem_Module__gateObj__C
  00001230    00001230    00000004   00000004    r-- .const:ti_sysbios_heaps_HeapMem_Object__count__C
  00001234    00001234    00000004   00000004    r-- .const:ti_sysbios_heaps_HeapMem_Object__table__C
  00001238    00001238    00000004   00000004    r-- .const:ti_sysbios_heaps_HeapMem_reqAlign__C
  0000123c    0000123c    00000004   00000004    r-- .const:ti_sysbios_knl_Clock_triggerClock__C
  00001240    00001240    00000004   00000004    r-- .const:ti_sysbios_knl_Mailbox_Object__count__C
  00001244    00001244    00000004   00000004    r-- .const:ti_sysbios_knl_Mailbox_Object__table__C
  00001248    00001248    00000004   00000004    r-- .const:ti_sysbios_knl_Mailbox_maxTypeAlign__C
  0000124c    0000124c    00000004   00000004    r-- .const:ti_sysbios_knl_Queue_Object__count__C
  00001250    00001250    00000004   00000004    r-- .const:ti_sysbios_knl_Queue_Object__table__C
  00001254    00001254    00000004   00000004    r-- .const:ti_sysbios_knl_Semaphore_eventPost__C
  00001258    00001258    00000004   00000004    r-- .const:ti_sysbios_knl_Semaphore_eventSync__C
  0000125c    0000125c    00000004   00000004    r-- .const:ti_sysbios_knl_Swi_Object__count__C
  00001260    00001260    00000004   00000004    r-- .const:ti_sysbios_knl_Swi_Object__table__C
  00001264    00001264    00000004   00000004    r-- .const:ti_sysbios_knl_Swi_numPriorities__C
  00001268    00001268    00000004   00000004    r-- .const:ti_sysbios_knl_Task_Object__count__C
  0000126c    0000126c    00000004   00000004    r-- .const:ti_sysbios_knl_Task_Object__table__C
  00001270    00001270    00000004   00000004    r-- .const:ti_sysbios_knl_Task_allBlockedFunc__C
  00001274    00001274    00000004   00000004    r-- .const:ti_sysbios_knl_Task_defaultStackHeap__C
  00001278    00001278    00000004   00000004    r-- .const:ti_sysbios_knl_Task_defaultStackSize__C
  0000127c    0000127c    00000004   00000004    r-- .const:ti_sysbios_knl_Task_numConstructedTasks__C
  00001280    00001280    00000002   00000002    r-- .const:ti_sysbios_family_arm_cc26xx_Timer_Module__id__C
  00001282    00001282    00000002   00000002    r-- .const:ti_sysbios_family_arm_cc26xx_TimestampProvider_useClockTimer__C
  00001284    00001284    00000002   00000002    r-- .const:ti_sysbios_family_arm_m3_Hwi_Module__id__C
  00001286    00001286    00000002   00000002    r-- .const:ti_sysbios_gates_GateHwi_Module__id__C
  00001288    00001288    00000002   00000002    r-- .const:ti_sysbios_gates_GateMutex_Module__id__C
  0000128a    0000128a    00000002   00000002    r-- .const:ti_sysbios_heaps_HeapMem_Module__id__C
  0000128c    0000128c    00000002   00000002    r-- .const:ti_sysbios_knl_Task_initStackFlag__C
  0000128e    0000128e    00000001   00000001    r-- .const:ti_sysbios_knl_Clock_tickMode__C
  00001290    00001290    00000008   00000008    r-- .const:xdc_runtime_Startup_firstFxns__C
  00001298    00001298    00000008   00000008    r-- .const:xdc_runtime_Startup_lastFxns__C
  000012a0    000012a0    00000004   00000004    r-- .const:xdc_runtime_Assert_E_assertFailed__C
  000012a4    000012a4    00000004   00000004    r-- .const:xdc_runtime_Error_E_memory__C
  000012a8    000012a8    00000004   00000004    r-- .const:xdc_runtime_Error_policyFxn__C
  000012ac    000012ac    00000004   00000004    r-- .const:xdc_runtime_Error_raiseHook__C
  000012b0    000012b0    00000004   00000004    r-- .const:xdc_runtime_IGateProvider_Interface__BASE__C
  000012b4    000012b4    00000004   00000004    r-- .const:xdc_runtime_IHeap_Interface__BASE__C
  000012b8    000012b8    00000004   00000004    r-- .const:xdc_runtime_IModule_Interface__BASE__C
  000012bc    000012bc    00000004   00000004    r-- .const:xdc_runtime_Memory_defaultHeapInstance__C
  000012c0    000012c0    00000004   00000004    r-- .const:xdc_runtime_Startup_execImpl__C
  000012c4    000012c4    00000004   00000004    r-- .const:xdc_runtime_Startup_maxPasses__C
  000012c8    000012c8    00000004   00000004    r-- .const:xdc_runtime_Startup_sfxnRts__C
  000012cc    000012cc    00000004   00000004    r-- .const:xdc_runtime_Startup_sfxnTab__C
  000012d0    000012d0    00000004   00000004    r-- .const:xdc_runtime_Startup_startModsFxn__C
  000012d4    000012d4    00000004   00000004    r-- .const:xdc_runtime_SysCallback_abortFxn__C
  000012d8    000012d8    00000004   00000004    r-- .const:xdc_runtime_SysCallback_exitFxn__C
  000012dc    000012dc    00000004   00000004    r-- .const:xdc_runtime_System_abortFxn__C
  000012e0    000012e0    00000004   00000004    r-- .const:xdc_runtime_System_exitFxn__C
  000012e4    000012e4    00000004   00000004    r-- .const:xdc_runtime_System_maxAtexitHandlers__C
  000012e8    000012e8    00000004   00000004    r-- .const:xdc_runtime_Text_charTab__C
  000012ec    000012ec    00000004   00000004    r-- .const:xdc_runtime_Text_nameEmpty__C
  000012f0    000012f0    00000004   00000004    r-- .const:xdc_runtime_Text_nameStatic__C
  000012f4    000012f4    00000004   00000004    r-- .const:xdc_runtime_Text_nameUnknown__C
  000012f8    000012f8    00000002   00000002    r-- .const:xdc_runtime_Error_maxDepth__C
  000012fa    000012fa    00000002   00000002    r-- .const:xdc_runtime_Memory_Module__id__C
  000012fc    000012fc    00000002   00000002    r-- .const:xdc_runtime_Text_charCnt__C
  000012fe    000012fe    00000002   00000002    r-- .const:xdc_runtime_Text_isLoaded__C
  00001300    00001300    00000001   00000001    r-- .const:xdc_runtime_Error_policy__C
  00001304    00001304    00000004   00000004    r-- .const:ti_sysbios_rom_ROM_ti_sysbios_family_arm_cc26xx_Timer_getCount64__E
  00001308    00001308    00000004   00000004    r-- .const:ti_sysbios_rom_ROM_ti_sysbios_family_arm_cc26xx_Timer_getCurrentTick__E
  0000130c    0000130c    00000004   00000004    r-- .const:ti_sysbios_rom_ROM_ti_sysbios_family_arm_cc26xx_Timer_getMaxTicks__E
  00001310    00001310    00000004   00000004    r-- .const:ti_sysbios_rom_ROM_ti_sysbios_family_arm_cc26xx_Timer_initDevice__I
  00001314    00001314    00000004   00000004    r-- .const:ti_sysbios_rom_ROM_ti_sysbios_family_arm_cc26xx_Timer_setNextTick__E
  00001318    00001318    00000004   00000004    r-- .const:ti_sysbios_rom_ROM_ti_sysbios_family_arm_cc26xx_Timer_setThreshold__I
  0000131c    0000131c    00000004   00000004    r-- .const:ti_sysbios_rom_ROM_ti_sysbios_family_arm_cc26xx_Timer_start__E
  00001320    00001320    00000004   00000004    r-- .const:ti_sysbios_rom_ROM_ti_sysbios_family_arm_cc26xx_TimestampProvider_get32__E
  00001324    00001324    00000004   00000004    r-- .const:ti_sysbios_rom_ROM_xdc_runtime_Startup_getState__I
  00001328    00001328    00000004   00000004    r-- .const:ti_sysbios_rom_ROM_xdc_runtime_System_SupportProxy_abort__E
  0000132c    0000132c    00000004   00000004    r-- .const:ti_sysbios_rom_ROM_xdc_runtime_System_SupportProxy_exit__E
  00001330    00001330    00003370   00003370    r-x .text.2
  000046a0    000046a0    00000289   00000289    r-- .const
  00004930    00004930    000002a4   000002a4    r-- .cinit
0001ffa8    0001ffa8    00000058   00000058    r--
  0001ffa8    0001ffa8    00000058   00000058    r-- .ccfg
20000100    20000100    00000106   00000000    rw-
  20000100    20000100    00000044   00000000    rw- .data:ti_sysbios_knl_Task_Module__state__V
  20000144    20000144    00000034   00000000    rw- .data:ti_sysbios_family_arm_m3_Hwi_Module__state__V
  20000178    20000178    0000002c   00000000    rw- .data:ti_sysbios_knl_Clock_Module__state__V
  200001a4    200001a4    00000024   00000000    rw- .data:ti_sysbios_BIOS_Module__state__V
  200001c8    200001c8    0000001c   00000000    rw- .data:ti_sysbios_knl_Swi_Module__state__V
  200001e4    200001e4    00000008   00000000    rw- .data:ti_sysbios_family_arm_cc26xx_Timer_Module__state__V
  200001ec    200001ec    00000004   00000000    rw- .data:ti_sysbios_family_arm_cc26xx_TimestampProvider_Module__state__V
  200001f0    200001f0    00000008   00000000    rw- .data:xdc_runtime_Startup_Module__state__V
  200001f8    200001f8    00000008   00000000    rw- .data:xdc_runtime_System_Module__state__V
  20000200    20000200    00000004   00000000    rw- .data:xdc_runtime_Memory_Module__state__V
  20000204    20000204    00000002   00000000    rw- .data:xdc_runtime_Error_Module__state__V
20000208    20000208    00001000   00000000    r--
  20000208    20000208    00001000   00000000    r-- .priheap
20001208    20001208    00000d28   00000000    rw-
  20001208    20001208    0000075a   00000000    rw- .bss
  20001968    20001968    000005c8   00000000    rw- .data
20004c00    20004c00    00000400   00000000    rw-
  20004c00    20004c00    00000400   00000000    rw- .stack


SECTION ALLOCATION MAP

 output                                  attributes/
section   page    origin      length       input sections
--------  ----  ----------  ----------   ----------------
.const:ti_sysbios_heaps_HeapMem_Module__FXNS__C 
*          0    00001000    00000028     
                  00001000    00000028     release_pem3.oem3 (.const:ti_sysbios_heaps_HeapMem_Module__FXNS__C)

.const:ti_sysbios_gates_GateHwi_Module__FXNS__C 
*          0    00001028    00000024     
                  00001028    00000024     release_pem3.oem3 (.const:ti_sysbios_gates_GateHwi_Module__FXNS__C)

.const:ti_sysbios_gates_GateMutex_Module__FXNS__C 
*          0    0000104c    00000024     
                  0000104c    00000024     release_pem3.oem3 (.const:ti_sysbios_gates_GateMutex_Module__FXNS__C)

.const:ti_sysbios_family_arm_m3_Hwi_Object__DESC__C 
*          0    00001070    00000020     
                  00001070    00000020     release_pem3.oem3 (.const:ti_sysbios_family_arm_m3_Hwi_Object__DESC__C)

.const:ti_sysbios_gates_GateHwi_Object__DESC__C 
*          0    00001090    00000020     
                  00001090    00000020     release_pem3.oem3 (.const:ti_sysbios_gates_GateHwi_Object__DESC__C)

.const:ti_sysbios_gates_GateMutex_Object__DESC__C 
*          0    000010b0    00000020     
                  000010b0    00000020     release_pem3.oem3 (.const:ti_sysbios_gates_GateMutex_Object__DESC__C)

.const:ti_sysbios_hal_Hwi_Object__DESC__C 
*          0    000010d0    00000020     
                  000010d0    00000020     release_pem3.oem3 (.const:ti_sysbios_hal_Hwi_Object__DESC__C)

.const:ti_sysbios_heaps_HeapMem_Object__DESC__C 
*          0    000010f0    00000020     
                  000010f0    00000020     release_pem3.oem3 (.const:ti_sysbios_heaps_HeapMem_Object__DESC__C)

.const:ti_sysbios_knl_Clock_Object__DESC__C 
*          0    00001110    00000020     
                  00001110    00000020     release_pem3.oem3 (.const:ti_sysbios_knl_Clock_Object__DESC__C)

.const:ti_sysbios_knl_Event_Object__DESC__C 
*          0    00001130    00000020     
                  00001130    00000020     release_pem3.oem3 (.const:ti_sysbios_knl_Event_Object__DESC__C)

.const:ti_sysbios_knl_Mailbox_Object__DESC__C 
*          0    00001150    00000020     
                  00001150    00000020     release_pem3.oem3 (.const:ti_sysbios_knl_Mailbox_Object__DESC__C)

.const:ti_sysbios_knl_Queue_Object__DESC__C 
*          0    00001170    00000020     
                  00001170    00000020     release_pem3.oem3 (.const:ti_sysbios_knl_Queue_Object__DESC__C)

.const:ti_sysbios_knl_Semaphore_Object__DESC__C 
*          0    00001190    00000020     
                  00001190    00000020     release_pem3.oem3 (.const:ti_sysbios_knl_Semaphore_Object__DESC__C)

.const:ti_sysbios_knl_Swi_Object__DESC__C 
*          0    000011b0    00000020     
                  000011b0    00000020     release_pem3.oem3 (.const:ti_sysbios_knl_Swi_Object__DESC__C)

.const:ti_sysbios_knl_Task_Object__DESC__C 
*          0    000011d0    00000020     
                  000011d0    00000020     release_pem3.oem3 (.const:ti_sysbios_knl_Task_Object__DESC__C)

.const:ti_sysbios_knl_Idle_funcList__C 
*          0    000011f0    00000008     
                  000011f0    00000008     release_pem3.oem3 (.const:ti_sysbios_knl_Idle_funcList__C)

.const:ti_sysbios_family_arm_cc26xx_Timer_startupNeeded__C 
*          0    000011f8    00000004     
                  000011f8    00000004     release_pem3.oem3 (.const:ti_sysbios_family_arm_cc26xx_Timer_startupNeeded__C)

.const:ti_sysbios_family_arm_m3_Hwi_E_alreadyDefined__C 
*          0    000011fc    00000004     
                  000011fc    00000004     release_pem3.oem3 (.const:ti_sysbios_family_arm_m3_Hwi_E_alreadyDefined__C)

.const:ti_sysbios_family_arm_m3_Hwi_E_hwiLimitExceeded__C 
*          0    00001200    00000004     
                  00001200    00000004     release_pem3.oem3 (.const:ti_sysbios_family_arm_m3_Hwi_E_hwiLimitExceeded__C)

.const:ti_sysbios_family_arm_m3_Hwi_NUM_INTERRUPTS__C 
*          0    00001204    00000004     
                  00001204    00000004     release_pem3.oem3 (.const:ti_sysbios_family_arm_m3_Hwi_NUM_INTERRUPTS__C)

.const:ti_sysbios_family_arm_m3_Hwi_Object__count__C 
*          0    00001208    00000004     
                  00001208    00000004     release_pem3.oem3 (.const:ti_sysbios_family_arm_m3_Hwi_Object__count__C)

.const:ti_sysbios_family_arm_m3_Hwi_Object__table__C 
*          0    0000120c    00000004     
                  0000120c    00000004     release_pem3.oem3 (.const:ti_sysbios_family_arm_m3_Hwi_Object__table__C)

.const:ti_sysbios_family_arm_m3_Hwi_ccr__C 
*          0    00001210    00000004     
                  00001210    00000004     release_pem3.oem3 (.const:ti_sysbios_family_arm_m3_Hwi_ccr__C)

.const:ti_sysbios_family_arm_m3_Hwi_excHandlerFunc__C 
*          0    00001214    00000004     
                  00001214    00000004     release_pem3.oem3 (.const:ti_sysbios_family_arm_m3_Hwi_excHandlerFunc__C)

.const:ti_sysbios_family_arm_m3_Hwi_nullIsrFunc__C 
*          0    00001218    00000004     
                  00001218    00000004     release_pem3.oem3 (.const:ti_sysbios_family_arm_m3_Hwi_nullIsrFunc__C)

.const:ti_sysbios_family_arm_m3_Hwi_numSparseInterrupts__C 
*          0    0000121c    00000004     
                  0000121c    00000004     release_pem3.oem3 (.const:ti_sysbios_family_arm_m3_Hwi_numSparseInterrupts__C)

.const:ti_sysbios_family_arm_m3_Hwi_priGroup__C 
*          0    00001220    00000004     
                  00001220    00000004     release_pem3.oem3 (.const:ti_sysbios_family_arm_m3_Hwi_priGroup__C)

.const:ti_sysbios_family_arm_m3_TaskSupport_stackAlignment__C 
*          0    00001224    00000004     
                  00001224    00000004     release_pem3.oem3 (.const:ti_sysbios_family_arm_m3_TaskSupport_stackAlignment__C)

.const:ti_sysbios_heaps_HeapMem_E_memory__C 
*          0    00001228    00000004     
                  00001228    00000004     release_pem3.oem3 (.const:ti_sysbios_heaps_HeapMem_E_memory__C)

.const:ti_sysbios_heaps_HeapMem_Module__gateObj__C 
*          0    0000122c    00000004     
                  0000122c    00000004     release_pem3.oem3 (.const:ti_sysbios_heaps_HeapMem_Module__gateObj__C)

.const:ti_sysbios_heaps_HeapMem_Object__count__C 
*          0    00001230    00000004     
                  00001230    00000004     release_pem3.oem3 (.const:ti_sysbios_heaps_HeapMem_Object__count__C)

.const:ti_sysbios_heaps_HeapMem_Object__table__C 
*          0    00001234    00000004     
                  00001234    00000004     release_pem3.oem3 (.const:ti_sysbios_heaps_HeapMem_Object__table__C)

.const:ti_sysbios_heaps_HeapMem_reqAlign__C 
*          0    00001238    00000004     
                  00001238    00000004     release_pem3.oem3 (.const:ti_sysbios_heaps_HeapMem_reqAlign__C)

.const:ti_sysbios_knl_Clock_triggerClock__C 
*          0    0000123c    00000004     
                  0000123c    00000004     release_pem3.oem3 (.const:ti_sysbios_knl_Clock_triggerClock__C)

.const:ti_sysbios_knl_Mailbox_Object__count__C 
*          0    00001240    00000004     
                  00001240    00000004     release_pem3.oem3 (.const:ti_sysbios_knl_Mailbox_Object__count__C)

.const:ti_sysbios_knl_Mailbox_Object__table__C 
*          0    00001244    00000004     
                  00001244    00000004     release_pem3.oem3 (.const:ti_sysbios_knl_Mailbox_Object__table__C)

.const:ti_sysbios_knl_Mailbox_maxTypeAlign__C 
*          0    00001248    00000004     
                  00001248    00000004     release_pem3.oem3 (.const:ti_sysbios_knl_Mailbox_maxTypeAlign__C)

.const:ti_sysbios_knl_Queue_Object__count__C 
*          0    0000124c    00000004     
                  0000124c    00000004     release_pem3.oem3 (.const:ti_sysbios_knl_Queue_Object__count__C)

.const:ti_sysbios_knl_Queue_Object__table__C 
*          0    00001250    00000004     
                  00001250    00000004     release_pem3.oem3 (.const:ti_sysbios_knl_Queue_Object__table__C)

.const:ti_sysbios_knl_Semaphore_eventPost__C 
*          0    00001254    00000004     
                  00001254    00000004     release_pem3.oem3 (.const:ti_sysbios_knl_Semaphore_eventPost__C)

.const:ti_sysbios_knl_Semaphore_eventSync__C 
*          0    00001258    00000004     
                  00001258    00000004     release_pem3.oem3 (.const:ti_sysbios_knl_Semaphore_eventSync__C)

.const:ti_sysbios_knl_Swi_Object__count__C 
*          0    0000125c    00000004     
                  0000125c    00000004     release_pem3.oem3 (.const:ti_sysbios_knl_Swi_Object__count__C)

.const:ti_sysbios_knl_Swi_Object__table__C 
*          0    00001260    00000004     
                  00001260    00000004     release_pem3.oem3 (.const:ti_sysbios_knl_Swi_Object__table__C)

.const:ti_sysbios_knl_Swi_numPriorities__C 
*          0    00001264    00000004     
                  00001264    00000004     release_pem3.oem3 (.const:ti_sysbios_knl_Swi_numPriorities__C)

.const:ti_sysbios_knl_Task_Object__count__C 
*          0    00001268    00000004     
                  00001268    00000004     release_pem3.oem3 (.const:ti_sysbios_knl_Task_Object__count__C)

.const:ti_sysbios_knl_Task_Object__table__C 
*          0    0000126c    00000004     
                  0000126c    00000004     release_pem3.oem3 (.const:ti_sysbios_knl_Task_Object__table__C)

.const:ti_sysbios_knl_Task_allBlockedFunc__C 
*          0    00001270    00000004     
                  00001270    00000004     release_pem3.oem3 (.const:ti_sysbios_knl_Task_allBlockedFunc__C)

.const:ti_sysbios_knl_Task_defaultStackHeap__C 
*          0    00001274    00000004     
                  00001274    00000004     release_pem3.oem3 (.const:ti_sysbios_knl_Task_defaultStackHeap__C)

.const:ti_sysbios_knl_Task_defaultStackSize__C 
*          0    00001278    00000004     
                  00001278    00000004     release_pem3.oem3 (.const:ti_sysbios_knl_Task_defaultStackSize__C)

.const:ti_sysbios_knl_Task_numConstructedTasks__C 
*          0    0000127c    00000004     
                  0000127c    00000004     release_pem3.oem3 (.const:ti_sysbios_knl_Task_numConstructedTasks__C)

.const:ti_sysbios_family_arm_cc26xx_Timer_Module__id__C 
*          0    00001280    00000002     
                  00001280    00000002     release_pem3.oem3 (.const:ti_sysbios_family_arm_cc26xx_Timer_Module__id__C)

.const:ti_sysbios_family_arm_cc26xx_TimestampProvider_useClockTimer__C 
*          0    00001282    00000002     
                  00001282    00000002     release_pem3.oem3 (.const:ti_sysbios_family_arm_cc26xx_TimestampProvider_useClockTimer__C)

.const:ti_sysbios_family_arm_m3_Hwi_Module__id__C 
*          0    00001284    00000002     
                  00001284    00000002     release_pem3.oem3 (.const:ti_sysbios_family_arm_m3_Hwi_Module__id__C)

.const:ti_sysbios_gates_GateHwi_Module__id__C 
*          0    00001286    00000002     
                  00001286    00000002     release_pem3.oem3 (.const:ti_sysbios_gates_GateHwi_Module__id__C)

.const:ti_sysbios_gates_GateMutex_Module__id__C 
*          0    00001288    00000002     
                  00001288    00000002     release_pem3.oem3 (.const:ti_sysbios_gates_GateMutex_Module__id__C)

.const:ti_sysbios_heaps_HeapMem_Module__id__C 
*          0    0000128a    00000002     
                  0000128a    00000002     release_pem3.oem3 (.const:ti_sysbios_heaps_HeapMem_Module__id__C)

.const:ti_sysbios_knl_Task_initStackFlag__C 
*          0    0000128c    00000002     
                  0000128c    00000002     release_pem3.oem3 (.const:ti_sysbios_knl_Task_initStackFlag__C)

.const:ti_sysbios_knl_Clock_tickMode__C 
*          0    0000128e    00000001     
                  0000128e    00000001     release_pem3.oem3 (.const:ti_sysbios_knl_Clock_tickMode__C)

.const:xdc_runtime_Startup_firstFxns__C 
*          0    00001290    00000008     
                  00001290    00000008     release_pem3.oem3 (.const:xdc_runtime_Startup_firstFxns__C)

.const:xdc_runtime_Startup_lastFxns__C 
*          0    00001298    00000008     
                  00001298    00000008     release_pem3.oem3 (.const:xdc_runtime_Startup_lastFxns__C)

.const:xdc_runtime_Assert_E_assertFailed__C 
*          0    000012a0    00000004     
                  000012a0    00000004     release_pem3.oem3 (.const:xdc_runtime_Assert_E_assertFailed__C)

.const:xdc_runtime_Error_E_memory__C 
*          0    000012a4    00000004     
                  000012a4    00000004     release_pem3.oem3 (.const:xdc_runtime_Error_E_memory__C)

.const:xdc_runtime_Error_policyFxn__C 
*          0    000012a8    00000004     
                  000012a8    00000004     release_pem3.oem3 (.const:xdc_runtime_Error_policyFxn__C)

.const:xdc_runtime_Error_raiseHook__C 
*          0    000012ac    00000004     
                  000012ac    00000004     release_pem3.oem3 (.const:xdc_runtime_Error_raiseHook__C)

.const:xdc_runtime_IGateProvider_Interface__BASE__C 
*          0    000012b0    00000004     
                  000012b0    00000004     release_pem3.oem3 (.const:xdc_runtime_IGateProvider_Interface__BASE__C)

.const:xdc_runtime_IHeap_Interface__BASE__C 
*          0    000012b4    00000004     
                  000012b4    00000004     release_pem3.oem3 (.const:xdc_runtime_IHeap_Interface__BASE__C)

.const:xdc_runtime_IModule_Interface__BASE__C 
*          0    000012b8    00000004     
                  000012b8    00000004     release_pem3.oem3 (.const:xdc_runtime_IModule_Interface__BASE__C)

.const:xdc_runtime_Memory_defaultHeapInstance__C 
*          0    000012bc    00000004     
                  000012bc    00000004     release_pem3.oem3 (.const:xdc_runtime_Memory_defaultHeapInstance__C)

.const:xdc_runtime_Startup_execImpl__C 
*          0    000012c0    00000004     
                  000012c0    00000004     release_pem3.oem3 (.const:xdc_runtime_Startup_execImpl__C)

.const:xdc_runtime_Startup_maxPasses__C 
*          0    000012c4    00000004     
                  000012c4    00000004     release_pem3.oem3 (.const:xdc_runtime_Startup_maxPasses__C)

.const:xdc_runtime_Startup_sfxnRts__C 
*          0    000012c8    00000004     
                  000012c8    00000004     release_pem3.oem3 (.const:xdc_runtime_Startup_sfxnRts__C)

.const:xdc_runtime_Startup_sfxnTab__C 
*          0    000012cc    00000004     
                  000012cc    00000004     release_pem3.oem3 (.const:xdc_runtime_Startup_sfxnTab__C)

.const:xdc_runtime_Startup_startModsFxn__C 
*          0    000012d0    00000004     
                  000012d0    00000004     release_pem3.oem3 (.const:xdc_runtime_Startup_startModsFxn__C)

.const:xdc_runtime_SysCallback_abortFxn__C 
*          0    000012d4    00000004     
                  000012d4    00000004     release_pem3.oem3 (.const:xdc_runtime_SysCallback_abortFxn__C)

.const:xdc_runtime_SysCallback_exitFxn__C 
*          0    000012d8    00000004     
                  000012d8    00000004     release_pem3.oem3 (.const:xdc_runtime_SysCallback_exitFxn__C)

.const:xdc_runtime_System_abortFxn__C 
*          0    000012dc    00000004     
                  000012dc    00000004     release_pem3.oem3 (.const:xdc_runtime_System_abortFxn__C)

.const:xdc_runtime_System_exitFxn__C 
*          0    000012e0    00000004     
                  000012e0    00000004     release_pem3.oem3 (.const:xdc_runtime_System_exitFxn__C)

.const:xdc_runtime_System_maxAtexitHandlers__C 
*          0    000012e4    00000004     
                  000012e4    00000004     release_pem3.oem3 (.const:xdc_runtime_System_maxAtexitHandlers__C)

.const:xdc_runtime_Text_charTab__C 
*          0    000012e8    00000004     
                  000012e8    00000004     release_pem3.oem3 (.const:xdc_runtime_Text_charTab__C)

.const:xdc_runtime_Text_nameEmpty__C 
*          0    000012ec    00000004     
                  000012ec    00000004     release_pem3.oem3 (.const:xdc_runtime_Text_nameEmpty__C)

.const:xdc_runtime_Text_nameStatic__C 
*          0    000012f0    00000004     
                  000012f0    00000004     release_pem3.oem3 (.const:xdc_runtime_Text_nameStatic__C)

.const:xdc_runtime_Text_nameUnknown__C 
*          0    000012f4    00000004     
                  000012f4    00000004     release_pem3.oem3 (.const:xdc_runtime_Text_nameUnknown__C)

.const:xdc_runtime_Error_maxDepth__C 
*          0    000012f8    00000002     
                  000012f8    00000002     release_pem3.oem3 (.const:xdc_runtime_Error_maxDepth__C)

.const:xdc_runtime_Memory_Module__id__C 
*          0    000012fa    00000002     
                  000012fa    00000002     release_pem3.oem3 (.const:xdc_runtime_Memory_Module__id__C)

.const:xdc_runtime_Text_charCnt__C 
*          0    000012fc    00000002     
                  000012fc    00000002     release_pem3.oem3 (.const:xdc_runtime_Text_charCnt__C)

.const:xdc_runtime_Text_isLoaded__C 
*          0    000012fe    00000002     
                  000012fe    00000002     release_pem3.oem3 (.const:xdc_runtime_Text_isLoaded__C)

.const:xdc_runtime_Error_policy__C 
*          0    00001300    00000001     
                  00001300    00000001     release_pem3.oem3 (.const:xdc_runtime_Error_policy__C)

.const:ti_sysbios_rom_ROM_ti_sysbios_family_arm_cc26xx_Timer_getCount64__E 
*          0    00001304    00000004     
                  00001304    00000004     release_pem3.oem3 (.const:ti_sysbios_rom_ROM_ti_sysbios_family_arm_cc26xx_Timer_getCount64__E)

.const:ti_sysbios_rom_ROM_ti_sysbios_family_arm_cc26xx_Timer_getCurrentTick__E 
*          0    00001308    00000004     
                  00001308    00000004     release_pem3.oem3 (.const:ti_sysbios_rom_ROM_ti_sysbios_family_arm_cc26xx_Timer_getCurrentTick__E)

.const:ti_sysbios_rom_ROM_ti_sysbios_family_arm_cc26xx_Timer_getMaxTicks__E 
*          0    0000130c    00000004     
                  0000130c    00000004     release_pem3.oem3 (.const:ti_sysbios_rom_ROM_ti_sysbios_family_arm_cc26xx_Timer_getMaxTicks__E)

.const:ti_sysbios_rom_ROM_ti_sysbios_family_arm_cc26xx_Timer_initDevice__I 
*          0    00001310    00000004     
                  00001310    00000004     release_pem3.oem3 (.const:ti_sysbios_rom_ROM_ti_sysbios_family_arm_cc26xx_Timer_initDevice__I)

.const:ti_sysbios_rom_ROM_ti_sysbios_family_arm_cc26xx_Timer_setNextTick__E 
*          0    00001314    00000004     
                  00001314    00000004     release_pem3.oem3 (.const:ti_sysbios_rom_ROM_ti_sysbios_family_arm_cc26xx_Timer_setNextTick__E)

.const:ti_sysbios_rom_ROM_ti_sysbios_family_arm_cc26xx_Timer_setThreshold__I 
*          0    00001318    00000004     
                  00001318    00000004     release_pem3.oem3 (.const:ti_sysbios_rom_ROM_ti_sysbios_family_arm_cc26xx_Timer_setThreshold__I)

.const:ti_sysbios_rom_ROM_ti_sysbios_family_arm_cc26xx_Timer_start__E 
*          0    0000131c    00000004     
                  0000131c    00000004     release_pem3.oem3 (.const:ti_sysbios_rom_ROM_ti_sysbios_family_arm_cc26xx_Timer_start__E)

.const:ti_sysbios_rom_ROM_ti_sysbios_family_arm_cc26xx_TimestampProvider_get32__E 
*          0    00001320    00000004     
                  00001320    00000004     release_pem3.oem3 (.const:ti_sysbios_rom_ROM_ti_sysbios_family_arm_cc26xx_TimestampProvider_get32__E)

.const:ti_sysbios_rom_ROM_xdc_runtime_Startup_getState__I 
*          0    00001324    00000004     
                  00001324    00000004     release_pem3.oem3 (.const:ti_sysbios_rom_ROM_xdc_runtime_Startup_getState__I)

.const:ti_sysbios_rom_ROM_xdc_runtime_System_SupportProxy_abort__E 
*          0    00001328    00000004     
                  00001328    00000004     release_pem3.oem3 (.const:ti_sysbios_rom_ROM_xdc_runtime_System_SupportProxy_abort__E)

.const:ti_sysbios_rom_ROM_xdc_runtime_System_SupportProxy_exit__E 
*          0    0000132c    00000004     
                  0000132c    00000004     release_pem3.oem3 (.const:ti_sysbios_rom_ROM_xdc_runtime_System_SupportProxy_exit__E)

.cinit     0    00004930    000002a4     
                  00004930    0000015d     (.cinit..data.load) [load image, compression = lzss]
                  00004a8d    00000029     (.cinit..data:ti_sysbios_family_arm_m3_Hwi_Module__state__V.load) [load image, compression = lzss]
                  00004ab6    00000021     (.cinit..data:ti_sysbios_knl_Task_Module__state__V.load) [load image, compression = lzss]
                  00004ad7    0000001f     (.cinit..data:ti_sysbios_BIOS_Module__state__V.load) [load image, compression = lzss]
                  00004af6    0000001d     (.cinit..data:ti_sysbios_knl_Clock_Module__state__V.load) [load image, compression = lzss]
                  00004b13    00000010     (.cinit..data:ti_sysbios_knl_Swi_Module__state__V.load) [load image, compression = lzss]
                  00004b23    00000001     --HOLE-- [fill = 0]
                  00004b24    0000000c     (__TI_handler_table)
                  00004b30    0000000b     (.cinit..data:ti_sysbios_family_arm_cc26xx_Timer_Module__state__V.load) [load image, compression = lzss]
                  00004b3b    0000000b     (.cinit..data:xdc_runtime_System_Module__state__V.load) [load image, compression = lzss]
                  00004b46    00000002     --HOLE-- [fill = 0]
                  00004b48    00000008     (.cinit..bss.load) [load image, compression = zero_init]
                  00004b50    00000008     (.cinit..data:xdc_runtime_Memory_Module__state__V.load) [load image, compression = lzss]
                  00004b58    00000007     (.cinit..data:ti_sysbios_family_arm_cc26xx_TimestampProvider_Module__state__V.load) [load image, compression = lzss]
                  00004b5f    00000007     (.cinit..data:xdc_runtime_Startup_Module__state__V.load) [load image, compression = lzss]
                  00004b66    00000006     (.cinit..data:xdc_runtime_Error_Module__state__V.load) [load image, compression = lzss]
                  00004b6c    00000068     (__TI_cinit_table)

.init_array 
*          0    00000000    00000000     UNINITIALIZED

.ccfg      0    0001ffa8    00000058     
                  0001ffa8    00000058     ccfg.obj (.ccfg:retain)

.data:ti_sysbios_knl_Task_Module__state__V 
*          0    20000100    00000044     UNINITIALIZED
                  20000100    00000044     release_pem3.oem3 (.data:ti_sysbios_knl_Task_Module__state__V)

.data:ti_sysbios_family_arm_m3_Hwi_Module__state__V 
*          0    20000144    00000034     UNINITIALIZED
                  20000144    00000034     release_pem3.oem3 (.data:ti_sysbios_family_arm_m3_Hwi_Module__state__V)

.data:ti_sysbios_knl_Clock_Module__state__V 
*          0    20000178    0000002c     UNINITIALIZED
                  20000178    0000002c     release_pem3.oem3 (.data:ti_sysbios_knl_Clock_Module__state__V)

.data:ti_sysbios_BIOS_Module__state__V 
*          0    200001a4    00000024     UNINITIALIZED
                  200001a4    00000024     release_pem3.oem3 (.data:ti_sysbios_BIOS_Module__state__V)

.data:ti_sysbios_knl_Swi_Module__state__V 
*          0    200001c8    0000001c     UNINITIALIZED
                  200001c8    0000001c     release_pem3.oem3 (.data:ti_sysbios_knl_Swi_Module__state__V)

.data:ti_sysbios_family_arm_cc26xx_Timer_Module__state__V 
*          0    200001e4    00000008     UNINITIALIZED
                  200001e4    00000008     release_pem3.oem3 (.data:ti_sysbios_family_arm_cc26xx_Timer_Module__state__V)

.data:ti_sysbios_family_arm_cc26xx_TimestampProvider_Module__state__V 
*          0    200001ec    00000004     UNINITIALIZED
                  200001ec    00000004     release_pem3.oem3 (.data:ti_sysbios_family_arm_cc26xx_TimestampProvider_Module__state__V)

.data:xdc_runtime_Startup_Module__state__V 
*          0    200001f0    00000008     UNINITIALIZED
                  200001f0    00000008     release_pem3.oem3 (.data:xdc_runtime_Startup_Module__state__V)

.data:xdc_runtime_System_Module__state__V 
*          0    200001f8    00000008     UNINITIALIZED
                  200001f8    00000008     release_pem3.oem3 (.data:xdc_runtime_System_Module__state__V)

.data:xdc_runtime_Memory_Module__state__V 
*          0    20000200    00000004     UNINITIALIZED
                  20000200    00000004     release_pem3.oem3 (.data:xdc_runtime_Memory_Module__state__V)

.data:xdc_runtime_Error_Module__state__V 
*          0    20000204    00000002     UNINITIALIZED
                  20000204    00000002     release_pem3.oem3 (.data:xdc_runtime_Error_Module__state__V)

.bss       0    20001208    0000075a     UNINITIALIZED
                  20001208    00000200     release_pem3.oem3 (.bss:taskStackSection)
                  20001408    00000200     (.common:myTaskStack)
                  20001608    0000012c     (.common:uartCC26XXObjects)
                  20001734    000000c8     (.common:ti_sysbios_family_arm_m3_Hwi_dispatchTable)
                  200017fc    00000050     (.common:systemTask)
                  2000184c    00000024     gpiointerrupt.obj (.bss:clkParams)
                  20001870    00000024     (.common:UART_params)
                  20001894    00000020     gpiointerrupt.obj (.bss:eb)
                  200018b4    00000020     (.common:uartCC26XXRingBuffer)
                  200018d4    0000001c     (.common:shutdownSem)
                  200018f0    00000014     driverlib.lib : osc.obj (.bss:oscHfGlobals)
                  20001904    00000014     (.common:powerNotifyObj)
                  20001918    0000000c     gpiointerrupt.obj (.bss)
                  20001924    0000000c     (.common:buttonState)
                  20001930    0000000c     (.common:pulseState)
                  2000193c    00000008     dpl_cc26x0r2.aem3 : PowerCC26XX_tirtos.oem3 (.bss:$O1$$)
                  20001944    00000008     driverlib.lib : sys_ctrl.obj (.bss:powerQualGlobals)
                  2000194c    00000004     (.common:ClockP_tickPeriod)
                  20001950    00000004     (.common:UART_handle)
                  20001954    00000004     (.common:buttonVerify)
                  20001958    00000004     (.common:powerTransition)
                  2000195c    00000004     (.common:pulse)
                  20001960    00000001     (.common:active)
                  20001961    00000001     (.common:driverlib_release_0_60062)

.data      0    20001968    000005c8     UNINITIALIZED
                  20001968    00000114     drivers_cc26x0r2.aem3 : PINCC26XX.oem3 (.data:$O1$$)
                  20001a7c    00000114                           : PowerCC26XX.oem3 (.data:PowerCC26XX_module)
                  20001b90    00000088     rom_sysbios.aem3 : rom_sysbios.obj (.data:$O1$$)
                  20001c18    00000054     release_pem3.oem3 (.data:ti_sysbios_gates_GateMutex_Object__table__V)
                  20001c6c    0000004c     release_pem3.oem3 (.data:ti_sysbios_knl_Task_Object__table__V)
                  20001cb8    00000048     release_pem3.oem3 (.data:ti_sysbios_family_arm_cc26xx_Timer_Object__table__V)
                  20001d00    00000040     drivers_cc26x0r2.aem3 : GPIOCC26XX.oem3 (.data:$O1$$)
                  20001d40    00000030     CC2640R2_LAUNCHXL.obj (.data:gpioPinConfigs)
                  20001d70    00000030     release_pem3.oem3 (.data:ti_sysbios_knl_Swi_Module_State_0_readyQ__A)
                  20001da0    00000030     release_pem3.oem3 (.data:ti_sysbios_knl_Swi_Object__table__V)
                  20001dd0    00000030     release_pem3.oem3 (.data:ti_sysbios_knl_Task_Module_State_0_readyQ__A)
                  20001e00    00000020     release_pem3.oem3 (.data:ti_sysbios_knl_Clock_Object__table__V)
                  20001e20    00000020     release_pem3.oem3 (.data:xdc_runtime_Error_IgnoreBlock)
                  20001e40    00000018     release_pem3.oem3 (.data:ti_sysbios_family_arm_m3_Hwi_Object__table__V)
                  20001e58    00000018     release_pem3.oem3 (.data:ti_sysbios_heaps_HeapMem_Object__table__V)
                  20001e70    00000015     gpiointerrupt.obj (.data)
                  20001e85    00000001     drivers_cc26x0r2.aem3 : UART.oem3 (.data)
                  20001e86    00000002     release_pem3.oem3 (.data:ti_sysbios_family_arm_m3_Hwi_Module_State_0_excActive__A)
                  20001e88    00000010     CC2640R2_LAUNCHXL.obj (.data:gpioCallbackFunctions)
                  20001e98    00000008     rtsv7M3_T_le_eabi.lib : _lock.c.obj (.data:$O1$$)
                  20001ea0    00000008     gpiointerrupt.obj (.data:ExternalWakeUpPin)
                  20001ea8    00000008     gpiointerrupt.obj (.data:button)
                  20001eb0    00000008     gpiointerrupt.obj (.data:pulseGenerator)
                  20001eb8    00000008     release_pem3.oem3 (.data:ti_sysbios_family_arm_m3_Hwi_Module__root__V)
                  20001ec0    00000008     release_pem3.oem3 (.data:ti_sysbios_gates_GateHwi_Module__root__V)
                  20001ec8    00000008     release_pem3.oem3 (.data:ti_sysbios_gates_GateMutex_Module__root__V)
                  20001ed0    00000008     release_pem3.oem3 (.data:ti_sysbios_hal_Hwi_Module__root__V)
                  20001ed8    00000008     release_pem3.oem3 (.data:ti_sysbios_heaps_HeapMem_Module__root__V)
                  20001ee0    00000008     release_pem3.oem3 (.data:ti_sysbios_knl_Clock_Module__root__V)
                  20001ee8    00000008     release_pem3.oem3 (.data:ti_sysbios_knl_Event_Module__root__V)
                  20001ef0    00000008     release_pem3.oem3 (.data:ti_sysbios_knl_Mailbox_Module__root__V)
                  20001ef8    00000008     release_pem3.oem3 (.data:ti_sysbios_knl_Queue_Module__root__V)
                  20001f00    00000008     release_pem3.oem3 (.data:ti_sysbios_knl_Semaphore_Module__root__V)
                  20001f08    00000008     release_pem3.oem3 (.data:ti_sysbios_knl_Swi_Module__root__V)
                  20001f10    00000008     release_pem3.oem3 (.data:ti_sysbios_knl_Task_Module__root__V)
                  20001f18    00000008     release_pem3.oem3 (.data:xdc_runtime_System_Module_State_0_atexitHandlers__A)
                  20001f20    00000004     rtsv7M3_T_le_eabi.lib : stkdepth_vars.c.obj (.data)
                  20001f24    00000004     release_pem3.oem3 (.data:ti_sysbios_family_arm_m3_Hwi_Module_State_0_excContext__A)
                  20001f28    00000004     release_pem3.oem3 (.data:ti_sysbios_family_arm_m3_Hwi_Module_State_0_excStack__A)
                  20001f2c    00000004     release_pem3.oem3 (.data:ti_sysbios_knl_Task_Module_State_0_idleTask__A)

.priheap   0    20000208    00001000     UNINITIALIZED
                  20000208    00001000     --HOLE--

.stack     0    20004c00    00000400     UNINITIALIZED
                  20004c00    00000400     --HOLE--

.bootVecs 
*          0    00000000    00000008     DSECT
                  00000000    00000008     boot.aem3 : boot.oem3 (.bootVecs)

.resetVecs 
*          0    00000000    0000003c     
                  00000000    0000003c     release_pem3.oem3 (.resetVecs)

.vecs      0    20000000    000000c8     NOLOAD SECTION
                  20000000    000000c8     release_pem3.oem3 (.vecs)

xdc.meta   0    00000000    00000110     COPY SECTION
                  00000000    00000110     release_pem3.oem3 (xdc.meta)

xdc.noload 
*          0    00000000    00000000     COPY SECTION

__llvm_prf_cnts 
*          0    20000000    00000000     UNINITIALIZED

.binit     0    00000000    00000000     

.text.1    0    0000003c    00000fc4     
                  0000003c    00000314     drivers_cc26x0r2.aem3 : PowerCC26XX_calibrateRCOSC.oem3 (.text:PowerCC26XX_auxISR)
                  00000350    00000230     gpiointerrupt.obj (.text:mainThread)
                  00000580    00000008     (.tramp.ti_sysbios_knl_Clock_start__E.1)
                  00000588    00000008     (.tramp.ti_sysbios_knl_Clock_stop__E.1)
                  00000590    00000008     (.tramp.ti_sysbios_knl_Task_construct.1)
                  00000598    00000008     (.tramp.ti_sysbios_knl_Semaphore_construct.1)
                  000005a0    0000022c     drivers_cc26x0r2.aem3 : PowerCC26XX.oem3 (.text:Power_sleep)
                  000007cc    00000008     (.tramp.ti_sysbios_knl_Swi_restore__E.1)
                  000007d4    00000220     driverlib.lib : sys_ctrl.obj (.text:NOROM_SysCtrlSetRechargeBeforePowerDown)
                  000009f4    000001b0     drivers_cc26x0r2.aem3 : PINCC26XX.oem3 (.text:PIN_init)
                  00000ba4    00000190                           : PowerCC26XX_calibrateRCOSC.oem3 (.text:PowerCC26XX_doCalibrate)
                  00000d34    00000168                           : PowerCC26XX.oem3 (.text:Power_shutdown)
                  00000e9c    00000008     (.tramp.ti_sysbios_family_arm_m3_Hwi_restoreFxn__E.1)
                  00000ea4    0000015c                           : UARTCC26XX.oem3 (.text:UARTCC26XX_open)

.text.2    0    00001330    00003370     
                  00001330    00000148     drivers_cc26x0r2.aem3 : UARTCC26XX.oem3 (.text:UARTCC26XX_hwiIntFxn)
                  00001478    00000136                           : UARTCC26XX.oem3 (.text:UARTCC26XX_read)
                  000015ae    00000002     rtsv7M3_T_le_eabi.lib : _lock.c.obj (.text:_nop)
                  000015b0    0000012c     drivers_cc26x0r2.aem3 : PowerCC26XX.oem3 (.text:Power_init)
                  000016dc    00000110                           : GPIOCC26XX.oem3 (.text:GPIO_setConfig)
                  000017ec    00000110                           : PINCC26XX.oem3 (.text:PINCC26XX_setIoCfg)
                  000018fc    000000ec     rom_sysbios.aem3 : rom_sysbios.obj (.text:pthread_create)
                  000019e8    000000e8     dpl_cc26x0r2.aem3 : PowerCC26XX_tirtos.oem3 (.text:PowerCC26XX_standbyPolicy)
                  00001ad0    000000e2     drivers_cc26x0r2.aem3 : UARTCC26XX.oem3 (.text:UARTCC26XX_write)
                  00001bb2    00000002                           : PowerCC26XX.oem3 (.text:emptyClockFunc)
                  00001bb4    000000c0     driverlib.lib : setup.obj (.text:TrimAfterColdResetWakeupFromShutDown)
                  00001c74    000000bc     drivers_cc26x0r2.aem3 : PowerCC26XX.oem3 (.text:Power_releaseDependency)
                  00001d30    000000b4                           : PowerCC26XX.oem3 (.text:Power_setDependency)
                  00001de4    000000ac     driverlib.lib : setup.obj (.text:NOROM_SetupTrimDevice)
                  00001e90    000000a8     drivers_cc26x0r2.aem3 : GPIOCC26XX.oem3 (.text:GPIO_init)
                  00001f38    000000a4                           : PowerCC26XX.oem3 (.text:switchXOSCHFclockFunc)
                  00001fdc    000000a0                           : PINCC26XX.oem3 (.text:PIN_open)
                  0000207c    000000a0     auto_init.aem3 : auto_init.oem3 (.text)
                  0000211c    000000a0     rom_sysbios.aem3 : rom_sysbios.obj (.text:ti_sysbios_knl_Task_setPri__E)
                  000021bc    0000009c     rtsv7M3_T_le_eabi.lib : memcpy_t2.asm.obj (.text)
                  00002258    00000098     drivers_cc26x0r2.aem3 : UARTCC26XX.oem3 (.text:UARTCC26XX_initHw)
                  000022f0    00000098                           : UARTCC26XX.oem3 (.text:UARTCC26XX_initIO)
                  00002388    00000098     rom_sysbios.aem3 : rom_sysbios.obj (.text:ti_sysbios_knl_Clock_workFuncDynamic__E)
                  00002420    00000096     rtsv7M3_T_le_eabi.lib : ull_div_t2.asm.obj (.text)
                  000024b6    00000002                           : div0.asm.obj (.text)
                  000024b8    00000090     rom_sysbios.aem3 : rom_sysbios.obj (.text:ti_sysbios_family_arm_cc26xx_Timer_start__E)
                  00002548    0000008e     drivers_cc26x0r2.aem3 : UARTCC26XX.oem3 (.text:UARTCC26XX_writeCancel)
                  000025d6    00000002     release_pem3.oem3 (.text:ti_sysbios_BIOS_nullFunc__I)
                  000025d8    00000088     rom_sysbios.aem3 : rom_sysbios.obj (.text:_pthread_removeThreadKeys)
                  00002660    00000084     CC2640R2_LAUNCHXL_fxns.obj (.text:CC2640R2_LAUNCHXL_sendExtFlashByte)
                  000026e4    00000084     drivers_cc26x0r2.aem3 : UARTCC26XX.oem3 (.text:UARTCC26XX_close)
                  00002768    00000084     gpiointerrupt.obj (.text:button_Counter_init)
                  000027ec    00000080     drivers_cc26x0r2.aem3 : UARTCC26XX.oem3 (.text:writeTxFifoFlush)
                  0000286c    0000007a     rtsv7M3_T_le_eabi.lib : memset_t2.asm.obj (.text)
                  000028e6    00000076     rom_sysbios.aem3 : rom_sysbios.obj (.text:ti_sysbios_heaps_HeapMem_allocUnprotected__E)
                  0000295c    00000070     driverlib.lib : sys_ctrl.obj (.text:NOROM_SysCtrlAdjustRechargeAfterPowerDown)
                  000029cc    00000070     drivers_cc26x0r2.aem3 : PowerCC26XX.oem3 (.text:lfClockReadyCallback)
                  00002a3c    00000070     main_tirtos.obj (.text:main)
                  00002aac    00000070     gpiointerrupt.obj (.text:powerTransitionNotifyFxn)
                  00002b1c    0000006c     driverlib.lib : osc.obj (.text:NOROM_OSCHF_AttemptToSwitchToXosc)
                  00002b88    0000006c     drivers_cc26x0r2.aem3 : PowerCC26XX_calibrateRCOSC.oem3 (.text:PowerCC26XX_initiateCalibration)
                  00002bf4    0000006c                           : PowerCC26XX.oem3 (.text:configureXOSCHF)
                  00002c60    00000068     driverlib.lib : sys_ctrl.obj (.text:NOROM_SysCtrl_DCDC_VoltageConditionalControl)
                  00002cc8    00000068     drivers_cc26x0r2.aem3 : PINCC26XX.oem3 (.text:PIN_add)
                  00002d30    00000068     rtsv7M3_T_le_eabi.lib : copy_decompress_lzss.c.obj (.text:decompress:lzss:__TI_decompress_lzss)
                  00002d98    00000064     gpiointerrupt.obj (.text:systemFxn)
                  00002dfc    00000060     gpiointerrupt.obj (.text:ButtonControl)
                  00002e5c    00000060     drivers_cc26x0r2.aem3 : PowerCC26XX.oem3 (.text:PowerCC26XX_calibrate)
                  00002ebc    0000005e                           : UARTCC26XX.oem3 (.text:UARTCC26XX_swiIntFxn)
                  00002f1a    00000002     rom_sysbios.aem3 : rom_sysbios.obj (.text:xdc_runtime_SysCallback_defaultAbort)
                  00002f1c    0000005c     drivers_cc26x0r2.aem3 : PowerCC26XX_calibrateRCOSC.oem3 (.text:PowerCC26XX_RCOSC_clockFunc)
                  00002f78    0000005c     rom_sysbios.aem3 : rom_sysbios.obj (.text:ti_sysbios_heaps_HeapMem_initPrimary__I)
                  00002fd4    0000005c     release_pem3.oem3 (.text:xdc_runtime_Startup_getState__I)
                  00003030    00000058     drivers_cc26x0r2.aem3 : PINCC26XX.oem3 (.text:PIN_remove)
                  00003088    00000058                           : UARTCC26XX.oem3 (.text:UARTCC26XX_control)
                  000030e0    00000058     rom_sysbios.aem3 : rom_sysbios.obj (.text:pthread_exit)
                  00003138    00000058                      : rom_sysbios.obj (.text:ti_sysbios_heaps_HeapMem_alloc__E)
                  00003190    00000054     drivers_cc26x0r2.aem3 : GPIOCC26XX.oem3 (.text:GPIO_write)
                  000031e4    00000054     gpiointerrupt.obj (.text:Power)
                  00003238    00000050     dpl_cc26x0r2.aem3 : ClockP_tirtos.oem3 (.text:ClockP_construct)
                  00003288    00000050     drivers_cc26x0r2.aem3 : UARTCC26XX.oem3 (.text:startTxFifoEmptyClk)
                  000032d8    0000004c     CC2640R2_LAUNCHXL_fxns.obj (.text:CC2640R2_LAUNCHXL_wakeUpExtFlash)
                  00003324    0000004c     rtsv7M3_T_le_eabi.lib : cpy_tbl.c.obj (.text:copy_in)
                  00003370    0000004a     drivers_cc26x0r2.aem3 : UARTCC26XX.oem3 (.text:UARTCC26XX_readCancel)
                  000033ba    00000002     rom_sysbios.aem3 : rom_sysbios.obj (.text:xdc_runtime_SysCallback_defaultExit)
                  000033bc    00000048     drivers_cc26x0r2.aem3 : GPIOCC26XX.oem3 (.text:GPIO_enableInt)
                  00003404    00000048                           : PINCC26XX.oem3 (.text:PIN_setOutputEnable)
                  0000344c    00000048     rom_sysbios.aem3 : rom_sysbios.obj (.text:ti_sysbios_family_arm_cc26xx_Timer_setThreshold__I)
                  00003494    00000048     drivers_cc26x0r2.aem3 : UARTCC26XX.oem3 (.text:writeFinishedDoCallback)
                  000034dc    00000044     driverlib.lib : osc.obj (.text:NOROM_OSCHF_SwitchToRcOscTurnOffXosc)
                  00003520    00000044     drivers_cc26x0r2.aem3 : RingBuf.oem3 (.text:RingBuf_put)
                  00003564    00000044     boot.aem3 : boot.oem3 (.text)
                  000035a8    00000040     CC2640R2_LAUNCHXL_fxns.obj (.text:CC2640R2_LAUNCHXL_shutDownExtFlash)
                  000035e8    00000040     drivers_cc26x0r2.aem3 : PINCC26XX.oem3 (.text:PIN_swi)
                  00003628    00000040                           : UART.oem3 (.text:UART_init)
                  00003668    00000040                           : UART.oem3 (.text:UART_open)
                  000036a8    0000003e     dpl_cc26x0r2.aem3 : HwiP_tirtos.oem3 (.text:HwiP_construct)
                  000036e6    0000003e     drivers_cc26x0r2.aem3 : RingBuf.oem3 (.text:RingBuf_get)
                  00003724    0000003c                           : GPIOCC26XX.oem3 (.text:GPIO_setCallback)
                  00003760    0000003c     driverlib.lib : osc.obj (.text:NOROM_OSC_HPOSCRelativeFrequencyOffsetGet)
                  0000379c    0000003c     dpl_cc26x0r2.aem3 : SwiP_tirtos.oem3 (.text:SwiP_construct)
                  000037d8    0000003c     drivers_cc26x0r2.aem3 : PowerCC26XX.oem3 (.text:disableLfClkQualifiersEnableClkLoss)
                  00003814    0000003c     rom_sysbios.aem3 : rom_sysbios.obj (.text:ti_sysbios_family_arm_m3_Hwi_construct2__E)
                  00003850    00000038     drivers_cc26x0r2.aem3 : PINCC26XX.oem3 (.text:PIN_setConfig)
                  00003888    00000038                           : PINCC26XX.oem3 (.text:PIN_setInterrupt)
                  000038c0    00000038                           : PINCC26XX.oem3 (.text:PIN_setOutputValue)
                  000038f8    00000038     gpiointerrupt.obj (.text:gpioButtonFxn0)
                  00003930    00000034     drivers_cc26x0r2.aem3 : GPIOCC26XX.oem3 (.text:GPIO_toggle)
                  00003964    00000034                           : PowerCC26XX.oem3 (.text:Power_releaseConstraint)
                  00003998    00000034                           : PowerCC26XX.oem3 (.text:notify)
                  000039cc    00000034     rom_sysbios.aem3 : rom_sysbios.obj (.text:ti_sysbios_family_arm_cc26xx_Timer_initDevice__I)
                  00003a00    00000032                      : rom_sysbios.obj (.text:ti_sysbios_family_arm_cc26xx_Timer_setNextTick__E)
                  00003a32    00000002     --HOLE-- [fill = 0]
                  00003a34    00000030     drivers_cc26x0r2.aem3 : GPIOCC26XX.oem3 (.text:GPIO_hwiIntFxn)
                  00003a64    00000030                           : PINCC26XX.oem3 (.text:PINCC26XX_setMux)
                  00003a94    00000030                           : PowerCC26XX.oem3 (.text:Power_setConstraint)
                  00003ac4    00000030     release_pem3.oem3 (.text:ti_sysbios_BIOS_atExitFunc__I)
                  00003af4    00000030     release_pem3.oem3 (.text:ti_sysbios_BIOS_startFunc__I)
                  00003b24    00000030     rom_sysbios.aem3 : rom_sysbios.obj (.text:ti_sysbios_family_arm_cc26xx_Timer_getCurrentTick__E)
                  00003b54    0000002e     drivers_cc26x0r2.aem3 : UARTCC26XX.oem3 (.text:readData)
                  00003b82    0000002e                           : UARTCC26XX.oem3 (.text:writeData)
                  00003bb0    0000002c     driverlib.lib : chipinfo.obj (.text:NOROM_ChipInfo_GetChipFamily)
                  00003bdc    0000002c     dpl_cc26x0r2.aem3 : SemaphoreP_tirtos.oem3 (.text:SemaphoreP_constructBinary)
                  00003c08    0000002c                       : SemaphoreP_tirtos.oem3 (.text:SemaphoreP_createBinary)
                  00003c34    0000002c     rom_sysbios.aem3 : rom_sysbios.obj (.text:_pthread_delete$44)
                  00003c60    0000002c                      : rom_sysbios.obj (.text:pthread_setcancelstate)
                  00003c8c    0000002c                      : rom_sysbios.obj (.text:ti_sysbios_knl_Clock_getTicksUntilInterrupt__E)
                  00003cb8    00000028     driverlib.lib : chipinfo.obj (.text:NOROM_ChipInfo_GetChipType)
                  00003ce0    00000028     drivers_cc26x0r2.aem3 : PINCC26XX.oem3 (.text:PINCC26XX_setWakeup)
                  00003d08    00000028                           : PowerCC26XX.oem3 (.text:Power_registerNotify)
                  00003d30    00000028     driverlib.lib : adi.obj (.text:SafeHapiVoid)
                  00003d58    00000028     drivers_cc26x0r2.aem3 : UARTCC26XX.oem3 (.text:readData2RingBuf)
                  00003d80    00000024                           : List.oem3 (.text:List_remove)
                  00003da4    00000024     driverlib.lib : osc.obj (.text:NOROM_OSCHF_TurnOnXosc)
                  00003dc8    00000024     drivers_cc26x0r2.aem3 : PINCC26XX.oem3 (.text:PINCC26XX_setIoCfgMux)
                  00003dec    00000024     gpiointerrupt.obj (.text:RxControl)
                  00003e10    00000024     rom_sysbios.aem3 : rom_sysbios.obj (.text:_pthread_cleanupFxn)
                  00003e34    00000024                      : rom_sysbios.obj (.text:pthread_attr_init)
                  00003e58    00000024     release_pem3.oem3 (.text:ti_sysbios_BIOS_registerRTSLock__I)
                  00003e7c    00000024     release_pem3.oem3 (.text:ti_sysbios_BIOS_removeRTSLock__I)
                  00003ea0    00000024     rom_sysbios.aem3 : rom_sysbios.obj (.text:ti_sysbios_family_arm_cc26xx_Timer_getMaxTicks__E)
                  00003ec4    00000022     drivers_cc26x0r2.aem3 : List.oem3 (.text:List_put)
                  00003ee6    00000022     driverlib.lib : uart.obj (.text:NOROM_UARTConfigSetExpClk)
                  00003f08    00000020                   : uart.obj (.text:NOROM_UARTDisable)
                  00003f28    00000020     drivers_cc26x0r2.aem3 : PowerCC26XX.oem3 (.text:Power_unregisterNotify)
                  00003f48    00000020     gpiointerrupt.obj (.text:rxCallback)
                  00003f68    00000020     drivers_cc26x0r2.aem3 : UARTCC26XX.oem3 (.text:threadSafeStdbyDisRelease)
                  00003f88    00000020                           : UARTCC26XX.oem3 (.text:threadSafeStdbyDisSet)
                  00003fa8    00000020     release_pem3.oem3 (.text:ti_sysbios_BIOS_rtsLock__I)
                  00003fc8    00000020     rom_sysbios.aem3 : rom_sysbios.obj (.text:ti_sysbios_family_arm_cc26xx_Timer_dynamicStub__E)
                  00003fe8    00000020                      : rom_sysbios.obj (.text:xdc_runtime_Error_policyMin__E)
                  00004008    0000001e     drivers_cc26x0r2.aem3 : PINCC26XX.oem3 (.text:PIN_close)
                  00004026    0000001e                           : PowerCC26XX.oem3 (.text:Power_getTransitionLatency)
                  00004044    0000001c     CC2640R2_LAUNCHXL.obj (.text:CC2640R2_LAUNCHXL_initGeneral)
                  00004060    0000001c     drivers_cc26x0r2.aem3 : PINCC26XX.oem3 (.text:PIN_hwi)
                  0000407c    0000001c     gpiointerrupt.obj (.text:UART_Read)
                  00004098    0000001c     rom_sysbios.aem3 : rom_sysbios.obj (.text:ti_sysbios_knl_Swi_construct2__E)
                  000040b4    00000018     driverlib.lib : chipinfo.obj (.text:NOROM_ChipInfo_GetPackageType)
                  000040cc    00000018     dpl_cc26x0r2.aem3 : PowerCC26XX_tirtos.oem3 (.text:PowerCC26XX_schedulerDisable)
                  000040e4    00000018                       : PowerCC26XX_tirtos.oem3 (.text:PowerCC26XX_schedulerRestore)
                  000040fc    00000018     drivers_cc26x0r2.aem3 : PowerCC26XX.oem3 (.text:Power_idleFunc)
                  00004114    00000018                           : UART.oem3 (.text:UART_Params_init)
                  0000412c    00000018     rtsv7M3_T_le_eabi.lib : args_main.c.obj (.text:_args_main)
                  00004144    00000018                           : ll_mul_t2.asm.obj (.text)
                  0000415c    00000018     release_pem3.oem3 (.text:ti_sysbios_BIOS_rtsUnlock__I)
                  00004174    00000018     rom_sysbios.aem3 : rom_sysbios.obj (.text:ti_sysbios_knl_Swi_or__E)
                  0000418c    00000018                      : rom_sysbios.obj (.text:xdc_runtime_Error_init__E)
                  000041a4    00000016                      : rom_sysbios.obj (.text:_pthread_cleanup_pop)
                  000041ba    00000016     release_pem3.oem3 (.text:ti_sysbios_BIOS_errorRaiseHook__I)
                  000041d0    00000016     release_pem3.oem3 (.text:ti_sysbios_BIOS_exitFunc__I)
                  000041e6    00000016     gpiointerrupt.obj (.text:ti_sysbios_knl_Clock_Params_init)
                  000041fc    00000016     gpiointerrupt.obj (.text:ti_sysbios_knl_Semaphore_Params_init)
                  00004212    00000016     gpiointerrupt.obj (.text:ti_sysbios_knl_Task_Params_init)
                  00004228    00000014     drivers_cc26x0r2.aem3 : PINCC26XX.oem3 (.text:PINCC26XX_getInputValue)
                  0000423c    00000014                           : PowerCC26XX.oem3 (.text:configureRFCoreClocks)
                  00004250    00000014     rom_sysbios.aem3 : rom_sysbios.obj (.text:pthread_attr_setschedparam)
                  00004264    00000014                      : rom_sysbios.obj (.text:ti_sysbios_family_arm_cc26xx_Timer_getCount64__E)
                  00004278    00000014     release_pem3.oem3 (.text:ti_sysbios_knl_Clock_doTick__I)
                  0000428c    00000012     drivers_cc26x0r2.aem3 : RingBuf.oem3 (.text:RingBuf_construct)
                  0000429e    00000012     dpl_cc26x0r2.aem3 : SemaphoreP_tirtos.oem3 (.text:SemaphoreP_pend)
                  000042b0    00000012     rom_sysbios.aem3 : rom_sysbios.obj (.text:_pthread_runStub$44)
                  000042c2    00000012     gpiointerrupt.obj (.text:waitMS)
                  000042d4    00000012     release_pem3.oem3 (.text:xdc_runtime_Startup_exec__I)
                  000042e6    00000010     dpl_cc26x0r2.aem3 : HwiP_tirtos.oem3 (.text:HwiP_Params_init)
                  000042f6    00000002     --HOLE-- [fill = 0]
                  000042f8    00000010     drivers_cc26x0r2.aem3 : PINCC26XX.oem3 (.text:PINCC26XX_getPinCount)
                  00004308    00000010     dpl_cc26x0r2.aem3 : SwiP_tirtos.oem3 (.text:SwiP_Params_init)
                  00004318    00000010     drivers_cc26x0r2.aem3 : UARTCC26XX.oem3 (.text:uartPostNotify)
                  00004328    0000000e     driverlib.lib : chipinfo.obj (.text:NOROM_ThisLibraryIsFor_CC26x0R2_HaltIfViolated)
                  00004336    0000000e                   : uart.obj (.text:NOROM_UARTCharGetNonBlocking)
                  00004344    0000000e                   : uart.obj (.text:NOROM_UARTCharPutNonBlocking)
                  00004352    0000000e     rtsv7M3_T_le_eabi.lib : copy_decompress_none.c.obj (.text:decompress:none:__TI_decompress_none)
                  00004360    0000000e     rom_sysbios.aem3 : rom_sysbios.obj (.text:pthread_attr_setdetachstate)
                  0000436e    0000000e                      : rom_sysbios.obj (.text:ti_sysbios_family_arm_cc26xx_TimestampProvider_get32__E)
                  0000437c    0000000e     gpiointerrupt.obj (.text:txCallback)
                  0000438a    0000000c     driverlib.lib : cpu.obj (.text:NOROM_CPUcpsid)
                  00004396    0000000c                   : cpu.obj (.text:NOROM_CPUcpsie)
                  000043a2    0000000c                   : osc.obj (.text:NOROM_OSC_HPOSCRelativeFrequencyOffsetToRFCoreFormatConvert)
                  000043ae    0000000c     drivers_cc26x0r2.aem3 : PINCC26XX.oem3 (.text:PIN_registerIntCb)
                  000043ba    00000002     --HOLE-- [fill = 0]
                  000043bc    0000000c                           : PowerCC26XX.oem3 (.text:Power_getConstraintMask)
                  000043c8    0000000c                           : PowerCC26XX.oem3 (.text:Power_getDependencyCount)
                  000043d4    0000000c                           : PowerCC26XX.oem3 (.text:Power_getTransitionState)
                  000043e0    0000000c     dpl_cc26x0r2.aem3 : SemaphoreP_tirtos.oem3 (.text:SemaphoreP_delete)
                  000043ec    0000000c     rtsv7M3_T_le_eabi.lib : _lock.c.obj (.text:_register_lock)
                  000043f8    0000000c                           : _lock.c.obj (.text:_register_unlock)
                  00004404    0000000c                           : copy_zero_init.c.obj (.text:decompress:ZI:__TI_zero_init)
                  00004410    0000000c     rom_sysbios.aem3 : rom_sysbios.obj (.text:pthread_self)
                  0000441c    0000000c     gpiointerrupt.obj (.text:ti_sysbios_knl_Semaphore_handle)
                  00004428    0000000c     rom_sysbios.aem3 : rom_sysbios.obj (.text:ti_sysbios_knl_Swi_getTrigger__E)
                  00004434    0000000a     dpl_cc26x0r2.aem3 : ClockP_tirtos.oem3 (.text:ClockP_Params_init)
                  0000443e    0000000a     drivers_cc26x0r2.aem3 : UART.oem3 (.text:UART_read)
                  00004448    00000008     CC2640R2_LAUNCHXL.obj (.text:Board_init)
                  00004450    00000008     CC2640R2_LAUNCHXL_fxns.obj (.text:Board_initHook)
                  00004458    00000008     drivers_cc26x0r2.aem3 : UARTCC26XX.oem3 (.text:UARTCC26XX_init)
                  00004460    00000008                           : UARTCC26XX.oem3 (.text:readSemCallback)
                  00004468    00000008                           : UARTCC26XX.oem3 (.text:writeSemCallback)
                  00004470    00000006     driverlib.lib : cpu.obj (.text:NOROM_CPUdelay)
                  00004476    00000006     drivers_cc26x0r2.aem3 : UARTCC26XX.oem3 (.text:UARTCC26XX_readPolling)
                  0000447c    00000006                           : UARTCC26XX.oem3 (.text:UARTCC26XX_writePolling)
                  00004482    00000006     rom_sysbios.aem3 : rom_sysbios.obj (.text:pthread_attr_setstacksize)
                  00004488    00000004     dpl_cc26x0r2.aem3 : PowerCC26XX_tirtos.oem3 (.text:CPUwfi)
                  0000448c    00000004                       : ClockP_tirtos.oem3 (.text:ClockP_destruct)
                  00004490    00000004                       : ClockP_tirtos.oem3 (.text:ClockP_getCpuFreq)
                  00004494    00000004                       : ClockP_tirtos.oem3 (.text:ClockP_setTimeout)
                  00004498    00000004                       : ClockP_tirtos.oem3 (.text:ClockP_start)
                  0000449c    00000004                       : ClockP_tirtos.oem3 (.text:ClockP_stop)
                  000044a0    00000004                       : HwiP_tirtos.oem3 (.text:HwiP_destruct)
                  000044a4    00000004                       : HwiP_tirtos.oem3 (.text:HwiP_disable)
                  000044a8    00000004                       : SemaphoreP_tirtos.oem3 (.text:SemaphoreP_destruct)
                  000044ac    00000004                       : SemaphoreP_tirtos.oem3 (.text:SemaphoreP_post)
                  000044b0    00000004                       : SwiP_tirtos.oem3 (.text:SwiP_destruct)
                  000044b4    00000004                       : SwiP_tirtos.oem3 (.text:SwiP_disable)
                  000044b8    00000004                       : SwiP_tirtos.oem3 (.text:SwiP_getTrigger)
                  000044bc    00000004                       : SwiP_tirtos.oem3 (.text:SwiP_or)
                  000044c0    00000004     drivers_cc26x0r2.aem3 : PowerCC26XX.oem3 (.text:nopResourceHandler)
                  000044c4    00000004     rom_sysbios.aem3 : rom_sysbios.obj (.text:ti_sysbios_knl_Clock_setPeriod__E)
                  000044c8    00000004                      : rom_sysbios.obj (.text:ti_sysbios_knl_Queue_insert__E)
                  000044cc    00000004                      : rom_sysbios.obj (.text:ti_sysbios_knl_Task_getArg1__E)
                  000044d0    00000004                      : rom_sysbios.obj (.text:ti_sysbios_knl_Task_getEnv__E)
                  000044d4    00000004     release_pem3.oem3 (.text:xdc_runtime_Startup_reset__I)
                  000044d8    00000008     (.tramp.ti_sysbios_knl_Swi_destruct.1)
                  000044e0    00000008     (.tramp.ti_sysbios_family_arm_m3_Hwi_disableFxn__E.1)
                  000044e8    00000008     (.tramp.ti_sysbios_family_arm_m3_Hwi_destruct.1)
                  000044f0    00000008     (.tramp.ti_sysbios_BIOS_getCpuFreq__E.1)
                  000044f8    00000008     (.tramp.ti_sysbios_knl_Clock_destruct.1)
                  00004500    00000008     (.tramp.ti_sysbios_knl_Task_self__E.1)
                  00004508    00000008     (.tramp.ti_sysbios_knl_Semaphore_delete.1)
                  00004510    00000008     (.tramp.xdc_runtime_Startup_startMods__I.1)
                  00004518    00000008     (.tramp.ti_sysbios_knl_Clock_logTick__E.1)
                  00004520    00000008     (.tramp.ti_sysbios_knl_Swi_post__E.1)
                  00004528    00000008     (.tramp.ti_sysbios_BIOS_RtsGateProxy_leave__E.1)
                  00004530    00000008     (.tramp.ti_sysbios_knl_Swi_construct.1)
                  00004538    00000008     (.tramp.ti_sysbios_BIOS_RtsGateProxy_enter__E.1)
                  00004540    00000008     (.tramp.ti_sysbios_knl_Task_delete.1)
                  00004548    00000008     (.tramp.ti_sysbios_knl_Semaphore_destruct.1)
                  00004550    00000008     (.tramp.ti_sysbios_knl_Semaphore_create.1)
                  00004558    00000008     (.tramp.ti_sysbios_knl_Task_startup__E.1)
                  00004560    00000008     (.tramp.ti_sysbios_knl_Swi_startup__E.1)
                  00004568    00000008     (.tramp.ti_sysbios_hal_Hwi_startup__E.1)
                  00004570    00000008     (.tramp.ti_sysbios_family_arm_cc26xx_Timer_startup__E.1)
                  00004578    00000008     (.tramp.xdc_runtime_System_atexit__E.1)
                  00004580    00000008     (.tramp.ti_sysbios_BIOS_linkedWithIncorrectBootLibrary__E.1)
                  00004588    00000008     (.tramp.xdc_runtime_Startup_rtsDone__E.1)
                  00004590    00000008     (.tramp.ti_sysbios_BIOS_setThreadType__E.1)
                  00004598    00000008     (.tramp.ti_sysbios_knl_Swi_disable__E.1)
                  000045a0    00000008     (.tramp.ti_sysbios_family_arm_m3_Hwi_construct.1)
                  000045a8    00000008     (.tramp.ti_sysbios_knl_Swi_Params__init__S.1)
                  000045b0    00000008     (.tramp.ti_sysbios_family_arm_m3_Hwi_Params__init__S.1)
                  000045b8    00000008     (.tramp.xdc_runtime_System_exit__E.1)
                  000045c0    00000008     (.tramp.ti_sysbios_knl_Clock_construct.1)
                  000045c8    00000008     (.tramp.ti_sysbios_knl_Clock_Params__init__S.1)
                  000045d0    00000008     (.tramp.xdc_runtime_Error_raiseX__E.1)
                  000045d8    00000008     (.tramp.ti_sysbios_heaps_HeapMem_Module_GateProxy_leave__E.1)
                  000045e0    00000008     (.tramp.ti_sysbios_heaps_HeapMem_Module_GateProxy_enter__E.1)
                  000045e8    00000008     (.tramp.ti_sysbios_heaps_HeapMem_restore__E.1)
                  000045f0    00000008     (.tramp.ti_sysbios_heaps_HeapMem_Object__get__S.1)
                  000045f8    00000008     (.tramp.ti_sysbios_BIOS_start__E.1)
                  00004600    00000008     (.tramp.ti_sysbios_knl_Clock_create.1)
                  00004608    00000008     (.tramp.ti_sysbios_knl_Semaphore_post__E.1)
                  00004610    00000008     (.tramp.xdc_runtime_Memory_free__E.1)
                  00004618    00000008     (.tramp.ti_sysbios_knl_Queue_next__E.1)
                  00004620    00000008     (.tramp.ti_sysbios_knl_Queue_head__E.1)
                  00004628    00000008     (.tramp.ti_sysbios_knl_Semaphore_pend__E.1)
                  00004630    00000008     (.tramp.ti_sysbios_knl_Clock_scheduleNextTick__E.1)
                  00004638    00000008     (.tramp.ti_sysbios_knl_Clock_walkQueueDynamic__E.1)
                  00004640    00000008     (.tramp.ti_sysbios_knl_Clock_TimerProxy_getCurrentTick__E.1)
                  00004648    00000008     (.tramp.ti_sysbios_knl_Task_restore__E.1)
                  00004650    00000008     (.tramp.ti_sysbios_knl_Queue_enqueue__E.1)
                  00004658    00000008     (.tramp.ti_sysbios_knl_Queue_empty__E.1)
                  00004660    00000008     (.tramp.ti_sysbios_knl_Queue_remove__E.1)
                  00004668    00000008     (.tramp.ti_sysbios_knl_Task_disable__E.1)
                  00004670    00000008     (.tramp.ti_sysbios_knl_Clock_setTimeout__E.1)
                  00004678    00000008     (.tramp.ti_sysbios_knl_Task_create.1)
                  00004680    00000008     (.tramp.ti_sysbios_knl_Semaphore_Params__init__S.1)
                  00004688    00000008     (.tramp.ti_sysbios_knl_Queue_construct.1)
                  00004690    00000008     (.tramp.xdc_runtime_Memory_alloc__E.1)
                  00004698    00000008     (.tramp.ti_sysbios_knl_Task_Params__init__S.1)

.const     0    000046a0    00000289     
                  000046a0    0000004c     drivers_cc26x0r2.aem3 : PowerCC26XX.oem3 (.const:resourceDB)
                  000046ec    00000048     release_pem3.oem3 (.const:.string)
                  00004734    00000044     drivers_cc26x0r2.aem3 : UARTCC26XX.oem3 (.const:$O1$$)
                  00004778    00000040                           : GPIOCC26XX.oem3 (.const:$O2$$)
                  000047b8    0000002c     CC2640R2_LAUNCHXL.obj (.const:BoardGpioInitTable)
                  000047e4    00000028     drivers_cc26x0r2.aem3 : UARTCC26XX.oem3 (.const:UARTCC26XX_fxnTable)
                  0000480c    00000028     CC2640R2_LAUNCHXL.obj (.const:uartCC26XXHWAttrs)
                  00004834    00000024     drivers_cc26x0r2.aem3 : UART.oem3 (.const:UART_defaultParams)
                  00004858    00000024     release_pem3.oem3 (.const:xdc_runtime_Startup_sfxnTab__A)
                  0000487c    00000018     CC2640R2_LAUNCHXL.obj (.const:PowerCC26XX_config)
                  00004894    00000014     CC2640R2_LAUNCHXL_fxns.obj (.const:$P$T1$2)
                  000048a8    00000014     CC2640R2_LAUNCHXL.obj (.const:GPIOCC26XX_config)
                  000048bc    00000012     CC2640R2_LAUNCHXL.obj (.const)
                  000048ce    00000012     release_pem3.oem3 (.const:xdc_runtime_Startup_sfxnRts__A)
                  000048e0    0000000c     CC2640R2_LAUNCHXL.obj (.const:UART_config)
                  000048ec    0000000c     release_pem3.oem3 (.const:xdc_runtime_Startup_firstFxns__A)
                  000048f8    00000008     CC2640R2_LAUNCHXL_fxns.obj (.const:$P$T0$1)
                  00004900    00000008     CC2640R2_LAUNCHXL.obj (.const:PINCC26XX_hwAttrs)
                  00004908    00000008     release_pem3.oem3 (.const:ti_sysbios_knl_Idle_funcList__A)
                  00004910    00000004     release_pem3.oem3 (.const:ti_sysbios_family_arm_cc26xx_Timer_funcHookCH1__C)
                  00004914    00000004     release_pem3.oem3 (.const:ti_sysbios_family_arm_cc26xx_Timer_funcHookCH2__C)
                  00004918    00000004     release_pem3.oem3 (.const:ti_sysbios_heaps_HeapMem_primaryHeapBaseAddr__C)
                  0000491c    00000004     release_pem3.oem3 (.const:ti_sysbios_heaps_HeapMem_primaryHeapEndAddr__C)
                  00004920    00000004     release_pem3.oem3 (.const:ti_sysbios_knl_Clock_tickPeriod__C)
                  00004924    00000004     release_pem3.oem3 (.const:ti_sysbios_knl_Task_Object__heap__C)
                  00004928    00000001     release_pem3.oem3 (.const:xdc_runtime_Text_charTab__A)

MODULE SUMMARY

       Module                            code    ro data   rw data
       ------                            ----    -------   -------
    .\
       gpiointerrupt.obj                 1346    0         842    
       CC2640R2_LAUNCHXL.obj             36      166       396    
       CC2640R2_LAUNCHXL_fxns.obj        280     28        0      
       main_tirtos.obj                   112     0         0      
       ccfg.obj                          0       88        0      
    +--+---------------------------------+-------+---------+---------+
       Total:                            1774    282       1238   
                                                                  
    C:\Users\Public\Documents\TI-workspace\tirtos_builds_CC2640R2_LAUNCHXL_release_ccs\Debug\configPkg\package\cfg\
       release_pem3.oem3                 404     1043      1780   
    +--+---------------------------------+-------+---------+---------+
       Total:                            404     1043      1780   
                                                                  
    C:/ti/simplelink_cc2640r2_sdk_5_30_00_03/kernel/tirtos/packages/ti/dpl/lib/dpl_cc26x0r2.aem3
       PowerCC26XX_tirtos.oem3           284     0         8      
       SemaphoreP_tirtos.oem3            126     0         0      
       ClockP_tirtos.oem3                110     0         4      
       SwiP_tirtos.oem3                  92      0         0      
       HwiP_tirtos.oem3                  86      0         0      
    +--+---------------------------------+-------+---------+---------+
       Total:                            698     0         12     
                                                                  
    C:/ti/simplelink_cc2640r2_sdk_5_30_00_03/source/ti/devices/cc26x0r2/driverlib/bin/ccs/driverlib.lib
       sys_ctrl.obj                      760     0         8      
       setup.obj                         364     0         0      
       osc.obj                           284     0         20     
       chipinfo.obj                      122     0         0      
       uart.obj                          94      0         0      
       adi.obj                           40      0         0      
       cpu.obj                           30      0         0      
       driverlib_release.obj             0       0         1      
    +--+---------------------------------+-------+---------+---------+
       Total:                            1694    0         29     
                                                                  
    C:/ti/simplelink_cc2640r2_sdk_5_30_00_03/source/ti/drivers/lib/drivers_cc26x0r2.aem3
       PowerCC26XX.oem3                  2464    76        276    
[...]
1001c04b  ti_sysbios_hal_Hwi_startup__E                                             
1001c04b  ti_sysbios_hal_Hwi_startup__E                                             
1001c053  ti_sysbios_knl_Idle_loop__E                                               
1001c05b  ti_sysbios_family_arm_m3_Hwi_doTaskRestore__I                             
1001c061  HwiP_restore                                                              
1001c061  ti_sysbios_family_arm_m3_Hwi_restoreFxn__E                                
1001c067  ti_sysbios_gates_GateHwi_leave__E                                         
1001c06d  ti_sysbios_heaps_HeapMem_isBlocking__E                                    
1001c073  ti_sysbios_knl_Queue_Instance_init__E                                     
1001c079  ti_sysbios_knl_Queue_elemClear__E                                         
1001c07f  ti_sysbios_knl_Swi_Module_startup__E                                      
1001c085  ti_sysbios_knl_Swi_startup__E                                             
1001c08b  ti_sysbios_knl_Task_enable__E                                             
1001c091  ti_sysbios_BIOS_RtsGateProxy_enter__E                                     
1001c095  ti_sysbios_BIOS_RtsGateProxy_leave__E                                     
1001c099  ti_sysbios_family_arm_cc26xx_Timer_getExpiredTicks__E                     
1001c09d  ti_sysbios_family_arm_cc26xx_Timer_getPeriod__E                           
1001c0a1  ti_sysbios_family_arm_cc26xx_Timer_setPeriod__E                           
1001c0a5  ti_sysbios_family_arm_m3_Hwi_delete                                       
1001c0a9  ti_sysbios_family_arm_m3_Hwi_destruct                                     
1001c0ad  ti_sysbios_family_arm_m3_TaskSupport_Module__startupDone__S               
1001c0ad  ti_sysbios_knl_Task_SupportProxy_Module__startupDone__S                   
1001c0ad  ti_sysbios_knl_Task_SupportProxy_Module__startupDone__S__mangled__        
1001c0b1  ti_sysbios_gates_GateHwi_query__E                                         
1001c0b1  xdc_runtime_Main_Module_GateProxy_query__E                                
1001c0b1  xdc_runtime_System_Module_GateProxy_query__E                              
1001c0b1  xdc_runtime_System_Module_GateProxy_query__E__mangled__                   
1001c0b5  ti_sysbios_gates_GateMutex_delete                                         
1001c0b9  ti_sysbios_gates_GateMutex_destruct                                       
1001c0bd  ti_sysbios_BIOS_RtsGateProxy_query__E                                     
1001c0bd  ti_sysbios_BIOS_RtsGateProxy_query__E__mangled__                          
1001c0bd  ti_sysbios_gates_GateMutex_query__E                                       
1001c0bd  ti_sysbios_heaps_HeapMem_Module_GateProxy_query__E                        
1001c0bd  ti_sysbios_heaps_HeapMem_Module_GateProxy_query__E__mangled__             
1001c0c1  ti_sysbios_hal_Hwi_HwiProxy_delete                                        
1001c0c5  ti_sysbios_hal_Hwi_delete                                                 
1001c0c9  ti_sysbios_heaps_HeapMem_Module_GateProxy_enter__E                        
1001c0cd  ti_sysbios_heaps_HeapMem_Module_GateProxy_leave__E                        
1001c0d1  ti_sysbios_knl_Clock_TimerProxy_getExpiredTicks__E                        
1001c0d5  ti_sysbios_knl_Clock_TimerProxy_getPeriod__E                              
1001c0d9  ti_sysbios_knl_Clock_delete                                               
1001c0dd  ti_sysbios_knl_Clock_destruct                                             
1001c0e1  ti_sysbios_knl_Clock_removeI__E                                           
1001c0e5  ti_sysbios_knl_Clock_setTimeout__E                                        
1001c0e9  ti_sysbios_knl_Event_delete                                               
1001c0ed  ti_sysbios_knl_Event_destruct                                             
1001c0f1  ti_sysbios_knl_Mailbox_delete                                             
1001c0f5  ti_sysbios_knl_Mailbox_destruct                                           
1001c0f9  ti_sysbios_knl_Queue_delete                                               
1001c0fd  ti_sysbios_knl_Queue_destruct                                             
1001c101  ti_sysbios_knl_Queue_head__E                                              
1001c105  ti_sysbios_knl_Queue_next__E                                              
1001c109  ti_sysbios_knl_Semaphore_delete                                           
1001c10d  ti_sysbios_knl_Semaphore_destruct                                         
1001c111  ti_sysbios_knl_Swi_delete                                                 
1001c115  ti_sysbios_knl_Swi_destruct                                               
1001c119  ti_sysbios_knl_Swi_postInit__I                                            
1001c11d  ti_sysbios_knl_Task_delete                                                
1001c121  ti_sysbios_knl_Task_destruct                                              
1001c125  ti_sysbios_knl_Task_startup__E                                            
1001c129  xdc_runtime_Startup_startMods__I                                          
1001c2c9  xdc_runtime_Core_createObject__I                                          
1001c349  xdc_runtime_Memory_alloc__E                                               
1001c3b5  xdc_runtime_Core_deleteObject__I                                          
1001c413  xdc_runtime_Error_policySpin__E                                           
1001c415  xdc_runtime_Startup_exec__E                                               
1001c465  xdc_runtime_Assert_raise__I                                               
1001c4ad  xdc_runtime_Core_assignParams__I                                          
1001c4f5  xdc_runtime_Core_constructObject__I                                       
1001c581  xdc_runtime_System_atexit__E                                              
1001c5b9  xdc_runtime_Core_assignLabel__I                                           
1001c5ed  xdc_runtime_System_processAtExit__E                                       
1001c621  xdc_runtime_Text_cordText__E                                              
1001c64d  xdc_runtime_System_abort__E                                               
1001c66d  xdc_runtime_Error_raiseX__E                                               
1001c689  xdc_runtime_Memory_valloc__E                                              
1001c6a5  xdc_runtime_Core_destructObject__I                                        
1001c6bd  xdc_runtime_Error_check__E                                                
1001c6d5  xdc_runtime_System_exit__E                                                
1001c6ed  xdc_runtime_Text_ropeText__E                                              
1001c705  xdc_runtime_Memory_free__E                                                
1001c715  xdc_runtime_SysCallback_abort__E                                          
1001c715  xdc_runtime_System_SupportProxy_abort__E                                  
1001c725  xdc_runtime_SysCallback_exit__E                                           
1001c725  xdc_runtime_System_SupportProxy_exit__E                                   
1001c735  xdc_runtime_Timestamp_SupportProxy_get32__E                               
1001c735  xdc_runtime_Timestamp_get32__E                                            
1001c735  xdc_runtime_Timestamp_get32__E                                            
1001c751  xdc_runtime_Memory_calloc__E                                              
1001c75d  xdc_runtime_Memory_getMaxDefaultTypeAlign__E                              
1001c769  xdc_runtime_Startup_rtsDone__E                                            
1001c775  xdc_runtime_Memory_HeapProxy_alloc__E                                     
1001c77f  xdc_runtime_Memory_HeapProxy_free__E                                      
1001c789  xdc_runtime_Gate_leaveSystem__E                                           
1001c78f  xdc_runtime_System_Module_startup__E                                      
1001c795  xdc_runtime_Gate_enterSystem__E                                           
1001c799  xdc_runtime_System_Module_GateProxy_enter__E                              
1001c79d  xdc_runtime_System_Module_GateProxy_leave__E                              
1001c7a1  xdc_runtime_System_abortSpin__E                                           
1001c7a3  xdc_runtime_System_exitSpin__E                                            
1001c7a5  ti_sysbios_family_arm_m3_Hwi_dispatch__I                                  
1001c86d  ti_sysbios_family_arm_m3_TaskSupport_buildTaskStack                       
1001c8b9  ti_sysbios_family_arm_m3_Hwi_initStacks__E                                
1001c901  ti_sysbios_family_arm_m3_Hwi_excHandlerAsm__I                             
1001c921  ti_sysbios_family_xxx_Hwi_switchAndRunFunc                                
1001c93f  ti_sysbios_family_arm_m3_Hwi_pendSV__I                                    
1001c957  ti_sysbios_family_arm_m3_Hwi_return                                       
1001c959  ti_sysbios_family_arm_m3_TaskSupport_glue                                 
1001c969  ti_sysbios_family_arm_m3_TaskSupport_swap__E                              
1001c969  ti_sysbios_knl_Task_SupportProxy_swap__E                                  
1001c969  ti_sysbios_knl_Task_SupportProxy_swap__E__mangled__                       
1001c971  ti_sysbios_knl_Task_swapReturn                                            
1001c978  ti_sysbios_knl_Task_Object__PARAMS__C                                     
1001c9b4  ti_sysbios_knl_Mailbox_Object__PARAMS__C                                  
1001c9e8  ti_sysbios_family_arm_m3_Hwi_Object__PARAMS__C                            
1001ca18  ti_sysbios_hal_Hwi_Object__PARAMS__C                                      
1001ca44  ti_sysbios_knl_Swi_Object__PARAMS__C                                      
1001ca6c  ti_sysbios_heaps_HeapMem_Object__PARAMS__C                                
1001ca90  ti_sysbios_knl_Clock_Object__PARAMS__C                                    
1001cab4  ti_sysbios_knl_Semaphore_Object__PARAMS__C                                
1001cad8  ti_sysbios_gates_GateHwi_Object__PARAMS__C                                
1001caf0  ti_sysbios_gates_GateMutex_Object__PARAMS__C                              
1001cb08  ti_sysbios_knl_Event_Object__PARAMS__C                                    
1001cb20  ti_sysbios_knl_Queue_Object__PARAMS__C                                    
1001cb68  ti_sysbios_gates_GateMutex_Instance_State_sem__O                          
1001cb6c  ti_sysbios_knl_Clock_Module_State_clockQ__O                               
1001cb70  ti_sysbios_knl_Event_Instance_State_pendQ__O                              
1001cb74  ti_sysbios_knl_Mailbox_Instance_State_dataQue__O                          
1001cb78  ti_sysbios_knl_Mailbox_Instance_State_dataSem__O                          
1001cb7c  ti_sysbios_knl_Mailbox_Instance_State_freeQue__O                          
1001cb80  ti_sysbios_knl_Mailbox_Instance_State_freeSem__O                          
1001cb84  ti_sysbios_knl_Semaphore_Instance_State_pendQ__O                          
1001cb88  ti_sysbios_knl_Task_Module_State_inactiveQ__O                             
20000000  __start___llvm_prf_cnts                                                   
20000000  __stop___llvm_prf_cnts                                                    
20000000  ti_sysbios_family_arm_m3_Hwi_ramVectors                                   
20000100  ti_sysbios_knl_Task_Module__state__V                                      
20000144  ti_sysbios_family_arm_m3_Hwi_Module__state__V                             
20000178  ti_sysbios_knl_Clock_Module__state__V                                     
200001a4  ti_sysbios_BIOS_Module__state__V                                          
200001c8  ti_sysbios_knl_Swi_Module__state__V                                       
200001e4  ti_sysbios_family_arm_cc26xx_Timer_Module__state__V                       
200001ec  ti_sysbios_family_arm_cc26xx_TimestampProvider_Module__state__V           
200001f0  xdc_runtime_Startup_Module__state__V                                      
200001f8  xdc_runtime_System_Module__state__V                                       
20000200  xdc_runtime_Memory_Module__state__V                                       
20000204  xdc_runtime_Error_Module__state__V                                        
20000208  __primary_heap_start__                                                    
20001208  __primary_heap_end__                                                      
20001208  ti_sysbios_knl_Task_Instance_State_0_stack__A                             
20001408  myTaskStack                                                               
20001608  uartCC26XXObjects                                                         
20001734  ti_sysbios_family_arm_m3_Hwi_dispatchTable                                
200017fc  systemTask                                                                
20001870  UART_params                                                               
200018b4  uartCC26XXRingBuffer                                                      
200018d4  shutdownSem                                                               
20001904  powerNotifyObj                                                            
20001924  buttonState                                                               
20001930  pulseState                                                                
2000193c  PowerCC26XX_taskKey                                                       
20001940  PowerCC26XX_swiKey                                                        
2000194c  ClockP_tickPeriod                                                         
20001950  UART_handle                                                               
20001954  buttonVerify                                                              
20001958  powerTransition                                                           
2000195c  pulse                                                                     
20001960  active                                                                    
20001961  driverlib_release_0_60062                                                 
20001968  pinUpperBound                                                             
2000196c  pinLowerBound                                                             
20001a00  pinHandleTable                                                            
20001a7c  PowerCC26XX_module                                                        
20001c18  ti_sysbios_gates_GateMutex_Object__table__V                               
20001c6c  ti_sysbios_knl_Task_Object__table__V                                      
20001cb8  ti_sysbios_family_arm_cc26xx_Timer_Object__table__V                       
20001d40  gpioPinConfigs                                                            
20001d70  ti_sysbios_knl_Swi_Module_State_0_readyQ__A                               
20001da0  ti_sysbios_knl_Swi_Object__table__V                                       
20001dd0  ti_sysbios_knl_Task_Module_State_0_readyQ__A                              
20001e00  ti_sysbios_knl_Clock_Object__table__V                                     
20001e20  xdc_runtime_Error_IgnoreBlock                                             
20001e40  ti_sysbios_family_arm_m3_Hwi_Object__table__V                             
20001e58  ti_sysbios_heaps_HeapMem_Object__table__V                                 
20001e70  isPowerOff                                                                
20001e71  led_toggle                                                                
20001e72  Board_GPIO_LED_state                                                      
20001e73  whichButton                                                               
20001e74  pinConfig                                                                 
20001e75  dllm                                                                      
20001e76  fuck                                                                      
20001e77  counter                                                                   
20001e78  btvalue                                                                   
20001e79  buttonPressed                                                             
20001e7a  seconds                                                                   
20001e7b  time_elapsed                                                              
20001e7c  bootSuccess                                                               
20001e7d  fail                                                                      
20001e80  resetSource                                                               
20001e84  bootProcess                                                               
20001e86  ti_sysbios_family_arm_m3_Hwi_Module_State_0_excActive__A                  
20001e88  gpioCallbackFunctions                                                     
20001e98  _lock                                                                     
20001e9c  _unlock                                                                   
20001ea0  ExternalWakeUpPin                                                         
20001ea8  button                                                                    
20001eb0  pulseGenerator                                                            
20001eb8  ti_sysbios_family_arm_m3_Hwi_Module__root__V                              
20001ec0  ti_sysbios_gates_GateHwi_Module__root__V                                  
20001ec8  ti_sysbios_gates_GateMutex_Module__root__V                                
20001ed0  ti_sysbios_hal_Hwi_Module__root__V                                        
20001ed8  ti_sysbios_heaps_HeapMem_Module__root__V                                  
20001ee0  ti_sysbios_knl_Clock_Module__root__V                                      
20001ee8  ti_sysbios_knl_Event_Module__root__V                                      
20001ef0  ti_sysbios_knl_Mailbox_Module__root__V                                    
20001ef8  ti_sysbios_knl_Queue_Module__root__V                                      
20001f00  ti_sysbios_knl_Semaphore_Module__root__V                                  
20001f08  ti_sysbios_knl_Swi_Module__root__V                                        
20001f10  ti_sysbios_knl_Task_Module__root__V                                       
20001f18  xdc_runtime_System_Module_State_0_atexitHandlers__A                       
20001f20  main_func_sp                                                              
20001f24  ti_sysbios_family_arm_m3_Hwi_Module_State_0_excContext__A                 
20001f28  ti_sysbios_family_arm_m3_Hwi_Module_State_0_excStack__A                   
20001f2c  ti_sysbios_knl_Task_Module_State_0_idleTask__A                            
20004c00  __stack                                                                   
20005000  __STACK_END                                                               
e000e000  ti_sysbios_family_arm_m3_Hwi_nvic                                         
ffffffff  __TI_pprof_out_hndl                                                       
ffffffff  __TI_prof_data_size                                                       
ffffffff  __TI_prof_data_start                                                      
ffffffff  __binit__                                                                 
ffffffff  __c_args__                                                                
ffffffff  binit                                                                     
UNDEFED   SHT$$INIT_ARRAY$$Base                                                     
UNDEFED   SHT$$INIT_ARRAY$$Limit                                                    

[833 symbols]
